../Core/Src/main.c:82:1:__io_putchar	16	static
../Core/Src/main.c:99:5:main	48	static
../Core/Src/main.c:178:6:SystemClock_Config	96	static
../Core/Src/main.c:239:13:MX_DFSDM1_Init	8	static
../Core/Src/main.c:277:13:MX_I2C2_Init	8	static
../Core/Src/main.c:325:13:MX_QUADSPI_Init	8	static
../Core/Src/main.c:358:13:MX_SPI3_Init	8	static
../Core/Src/main.c:398:13:MX_USART1_UART_Init	8	static
../Core/Src/main.c:433:13:MX_USART3_UART_Init	8	static
../Core/Src/main.c:468:13:MX_USB_OTG_FS_PCD_Init	8	static
../Core/Src/main.c:503:13:MX_GPIO_Init	48	static
../Core/Src/main.c:696:6:StartHelloWorld	16	static
../Core/Src/main.c:716:6:HAL_TIM_PeriodElapsedCallback	16	static
../Core/Src/main.c:733:6:Error_Handler	4	static,ignoring_inline_asm
