../Core/Src/main.c:86:5:main	48	static
../Core/Src/main.c:165:6:SystemClock_Config	96	static
../Core/Src/main.c:226:13:MX_DFSDM1_Init	8	static
../Core/Src/main.c:264:13:MX_I2C2_Init	8	static
../Core/Src/main.c:312:13:MX_QUADSPI_Init	8	static
../Core/Src/main.c:345:13:MX_SPI3_Init	8	static
../Core/Src/main.c:385:13:MX_USART1_UART_Init	8	static
../Core/Src/main.c:420:13:MX_USART3_UART_Init	8	static
../Core/Src/main.c:455:13:MX_USB_OTG_FS_PCD_Init	8	static
../Core/Src/main.c:490:13:MX_GPIO_Init	48	static
../Core/Src/main.c:683:6:StartDefaultTask	16	static
../Core/Src/main.c:705:6:HAL_TIM_PeriodElapsedCallback	16	static
../Core/Src/main.c:722:6:Error_Handler	4	static,ignoring_inline_asm
