Archive member included to satisfy reference by file (symbol)

c:/st/stm32cubeide_1.11.2/stm32cubeide/plugins/com.st.stm32cube.ide.mcu.externaltools.gnu-tools-for-stm32.10.3-2021.10.win32_1.0.100.202210260954/tools/bin/../lib/gcc/arm-none-eabi/10.3.1/../../../../arm-none-eabi/lib/thumb/v7e-m+fp/hard\libc_nano.a(lib_a-errno.o)
                              ./Core/Src/syscalls.o (__errno)
c:/st/stm32cubeide_1.11.2/stm32cubeide/plugins/com.st.stm32cube.ide.mcu.externaltools.gnu-tools-for-stm32.10.3-2021.10.win32_1.0.100.202210260954/tools/bin/../lib/gcc/arm-none-eabi/10.3.1/../../../../arm-none-eabi/lib/thumb/v7e-m+fp/hard\libc_nano.a(lib_a-exit.o)
                              c:/st/stm32cubeide_1.11.2/stm32cubeide/plugins/com.st.stm32cube.ide.mcu.externaltools.gnu-tools-for-stm32.10.3-2021.10.win32_1.0.100.202210260954/tools/bin/../lib/gcc/arm-none-eabi/10.3.1/../../../../arm-none-eabi/lib/thumb/v7e-m+fp/hard/crt0.o (exit)
c:/st/stm32cubeide_1.11.2/stm32cubeide/plugins/com.st.stm32cube.ide.mcu.externaltools.gnu-tools-for-stm32.10.3-2021.10.win32_1.0.100.202210260954/tools/bin/../lib/gcc/arm-none-eabi/10.3.1/../../../../arm-none-eabi/lib/thumb/v7e-m+fp/hard\libc_nano.a(lib_a-findfp.o)
                              ./Middlewares/Third_Party/FreeRTOS/Source/tasks.o (__sf_fake_stderr)
c:/st/stm32cubeide_1.11.2/stm32cubeide/plugins/com.st.stm32cube.ide.mcu.externaltools.gnu-tools-for-stm32.10.3-2021.10.win32_1.0.100.202210260954/tools/bin/../lib/gcc/arm-none-eabi/10.3.1/../../../../arm-none-eabi/lib/thumb/v7e-m+fp/hard\libc_nano.a(lib_a-fwalk.o)
                              c:/st/stm32cubeide_1.11.2/stm32cubeide/plugins/com.st.stm32cube.ide.mcu.externaltools.gnu-tools-for-stm32.10.3-2021.10.win32_1.0.100.202210260954/tools/bin/../lib/gcc/arm-none-eabi/10.3.1/../../../../arm-none-eabi/lib/thumb/v7e-m+fp/hard\libc_nano.a(lib_a-findfp.o) (_fwalk)
c:/st/stm32cubeide_1.11.2/stm32cubeide/plugins/com.st.stm32cube.ide.mcu.externaltools.gnu-tools-for-stm32.10.3-2021.10.win32_1.0.100.202210260954/tools/bin/../lib/gcc/arm-none-eabi/10.3.1/../../../../arm-none-eabi/lib/thumb/v7e-m+fp/hard\libc_nano.a(lib_a-impure.o)
                              c:/st/stm32cubeide_1.11.2/stm32cubeide/plugins/com.st.stm32cube.ide.mcu.externaltools.gnu-tools-for-stm32.10.3-2021.10.win32_1.0.100.202210260954/tools/bin/../lib/gcc/arm-none-eabi/10.3.1/../../../../arm-none-eabi/lib/thumb/v7e-m+fp/hard\libc_nano.a(lib_a-exit.o) (_global_impure_ptr)
c:/st/stm32cubeide_1.11.2/stm32cubeide/plugins/com.st.stm32cube.ide.mcu.externaltools.gnu-tools-for-stm32.10.3-2021.10.win32_1.0.100.202210260954/tools/bin/../lib/gcc/arm-none-eabi/10.3.1/../../../../arm-none-eabi/lib/thumb/v7e-m+fp/hard\libc_nano.a(lib_a-init.o)
                              c:/st/stm32cubeide_1.11.2/stm32cubeide/plugins/com.st.stm32cube.ide.mcu.externaltools.gnu-tools-for-stm32.10.3-2021.10.win32_1.0.100.202210260954/tools/bin/../lib/gcc/arm-none-eabi/10.3.1/../../../../arm-none-eabi/lib/thumb/v7e-m+fp/hard/crt0.o (__libc_init_array)
c:/st/stm32cubeide_1.11.2/stm32cubeide/plugins/com.st.stm32cube.ide.mcu.externaltools.gnu-tools-for-stm32.10.3-2021.10.win32_1.0.100.202210260954/tools/bin/../lib/gcc/arm-none-eabi/10.3.1/../../../../arm-none-eabi/lib/thumb/v7e-m+fp/hard\libc_nano.a(lib_a-lock.o)
                              c:/st/stm32cubeide_1.11.2/stm32cubeide/plugins/com.st.stm32cube.ide.mcu.externaltools.gnu-tools-for-stm32.10.3-2021.10.win32_1.0.100.202210260954/tools/bin/../lib/gcc/arm-none-eabi/10.3.1/../../../../arm-none-eabi/lib/thumb/v7e-m+fp/hard\libc_nano.a(lib_a-findfp.o) (__retarget_lock_init_recursive)
c:/st/stm32cubeide_1.11.2/stm32cubeide/plugins/com.st.stm32cube.ide.mcu.externaltools.gnu-tools-for-stm32.10.3-2021.10.win32_1.0.100.202210260954/tools/bin/../lib/gcc/arm-none-eabi/10.3.1/../../../../arm-none-eabi/lib/thumb/v7e-m+fp/hard\libc_nano.a(lib_a-memcpy-stub.o)
                              ./Middlewares/Third_Party/FreeRTOS/Source/queue.o (memcpy)
c:/st/stm32cubeide_1.11.2/stm32cubeide/plugins/com.st.stm32cube.ide.mcu.externaltools.gnu-tools-for-stm32.10.3-2021.10.win32_1.0.100.202210260954/tools/bin/../lib/gcc/arm-none-eabi/10.3.1/../../../../arm-none-eabi/lib/thumb/v7e-m+fp/hard\libc_nano.a(lib_a-memset.o)
                              c:/st/stm32cubeide_1.11.2/stm32cubeide/plugins/com.st.stm32cube.ide.mcu.externaltools.gnu-tools-for-stm32.10.3-2021.10.win32_1.0.100.202210260954/tools/bin/../lib/gcc/arm-none-eabi/10.3.1/../../../../arm-none-eabi/lib/thumb/v7e-m+fp/hard/crt0.o (memset)
c:/st/stm32cubeide_1.11.2/stm32cubeide/plugins/com.st.stm32cube.ide.mcu.externaltools.gnu-tools-for-stm32.10.3-2021.10.win32_1.0.100.202210260954/tools/bin/../lib/gcc/arm-none-eabi/10.3.1/../../../../arm-none-eabi/lib/thumb/v7e-m+fp/hard\libc_nano.a(lib_a-nano-mallocr.o)
[...]
Memory Configuration

Name             Origin             Length             Attributes
RAM              0x0000000020000000 0x0000000000018000 xrw
RAM2             0x0000000010000000 0x0000000000008000 xrw
FLASH            0x0000000008000000 0x0000000000100000 xr
*default*        0x0000000000000000 0xffffffffffffffff

Linker script and memory map

LOAD c:/st/stm32cubeide_1.11.2/stm32cubeide/plugins/com.st.stm32cube.ide.mcu.externaltools.gnu-tools-for-stm32.10.3-2021.10.win32_1.0.100.202210260954/tools/bin/../lib/gcc/arm-none-eabi/10.3.1/thumb/v7e-m+fp/hard/crti.o
LOAD c:/st/stm32cubeide_1.11.2/stm32cubeide/plugins/com.st.stm32cube.ide.mcu.externaltools.gnu-tools-for-stm32.10.3-2021.10.win32_1.0.100.202210260954/tools/bin/../lib/gcc/arm-none-eabi/10.3.1/thumb/v7e-m+fp/hard/crtbegin.o
LOAD c:/st/stm32cubeide_1.11.2/stm32cubeide/plugins/com.st.stm32cube.ide.mcu.externaltools.gnu-tools-for-stm32.10.3-2021.10.win32_1.0.100.202210260954/tools/bin/../lib/gcc/arm-none-eabi/10.3.1/../../../../arm-none-eabi/lib/thumb/v7e-m+fp/hard/crt0.o
LOAD ./Core/Src/freertos.o
LOAD ./Core/Src/main.o
LOAD ./Core/Src/stm32l4xx_hal_msp.o
LOAD ./Core/Src/stm32l4xx_hal_timebase_tim.o
LOAD ./Core/Src/stm32l4xx_it.o
LOAD ./Core/Src/syscalls.o
LOAD ./Core/Src/sysmem.o
LOAD ./Core/Src/system_stm32l4xx.o
LOAD ./Core/Startup/startup_stm32l475vgtx.o
LOAD ./Drivers/BSP/B-L475E-IOT01/stm32l475e_iot01.o
LOAD ./Drivers/BSP/B-L475E-IOT01/stm32l475e_iot01_tsensor.o
LOAD ./Drivers/BSP/Components/hts221/hts221.o
LOAD ./Drivers/STM32L4xx_HAL_Driver/Src/stm32l4xx_hal.o
LOAD ./Drivers/STM32L4xx_HAL_Driver/Src/stm32l4xx_hal_cortex.o
LOAD ./Drivers/STM32L4xx_HAL_Driver/Src/stm32l4xx_hal_dfsdm.o
LOAD ./Drivers/STM32L4xx_HAL_Driver/Src/stm32l4xx_hal_dma.o
LOAD ./Drivers/STM32L4xx_HAL_Driver/Src/stm32l4xx_hal_dma_ex.o
LOAD ./Drivers/STM32L4xx_HAL_Driver/Src/stm32l4xx_hal_exti.o
LOAD ./Drivers/STM32L4xx_HAL_Driver/Src/stm32l4xx_hal_flash.o
LOAD ./Drivers/STM32L4xx_HAL_Driver/Src/stm32l4xx_hal_flash_ex.o
LOAD ./Drivers/STM32L4xx_HAL_Driver/Src/stm32l4xx_hal_flash_ramfunc.o
LOAD ./Drivers/STM32L4xx_HAL_Driver/Src/stm32l4xx_hal_gpio.o
LOAD ./Drivers/STM32L4xx_HAL_Driver/Src/stm32l4xx_hal_i2c.o
LOAD ./Drivers/STM32L4xx_HAL_Driver/Src/stm32l4xx_hal_i2c_ex.o
LOAD ./Drivers/STM32L4xx_HAL_Driver/Src/stm32l4xx_hal_pcd.o
LOAD ./Drivers/STM32L4xx_HAL_Driver/Src/stm32l4xx_hal_pcd_ex.o
LOAD ./Drivers/STM32L4xx_HAL_Driver/Src/stm32l4xx_hal_pwr.o
LOAD ./Drivers/STM32L4xx_HAL_Driver/Src/stm32l4xx_hal_pwr_ex.o
LOAD ./Drivers/STM32L4xx_HAL_Driver/Src/stm32l4xx_hal_qspi.o
LOAD ./Drivers/STM32L4xx_HAL_Driver/Src/stm32l4xx_hal_rcc.o
LOAD ./Drivers/STM32L4xx_HAL_Driver/Src/stm32l4xx_hal_rcc_ex.o
LOAD ./Drivers/STM32L4xx_HAL_Driver/Src/stm32l4xx_hal_spi.o
LOAD ./Drivers/STM32L4xx_HAL_Driver/Src/stm32l4xx_hal_spi_ex.o
LOAD ./Drivers/STM32L4xx_HAL_Driver/Src/stm32l4xx_hal_tim.o
LOAD ./Drivers/STM32L4xx_HAL_Driver/Src/stm32l4xx_hal_tim_ex.o
LOAD ./Drivers/STM32L4xx_HAL_Driver/Src/stm32l4xx_hal_uart.o
LOAD ./Drivers/STM32L4xx_HAL_Driver/Src/stm32l4xx_hal_uart_ex.o
LOAD ./Drivers/STM32L4xx_HAL_Driver/Src/stm32l4xx_ll_usb.o
LOAD ./Middlewares/Third_Party/FreeRTOS/Source/CMSIS_RTOS/cmsis_os.o
LOAD ./Middlewares/Third_Party/FreeRTOS/Source/croutine.o
LOAD ./Middlewares/Third_Party/FreeRTOS/Source/event_groups.o
LOAD ./Middlewares/Third_Party/FreeRTOS/Source/list.o
LOAD ./Middlewares/Third_Party/FreeRTOS/Source/queue.o
LOAD ./Middlewares/Third_Party/FreeRTOS/Source/stream_buffer.o
LOAD ./Middlewares/Third_Party/FreeRTOS/Source/tasks.o
LOAD ./Middlewares/Third_Party/FreeRTOS/Source/timers.o
LOAD ./Middlewares/Third_Party/FreeRTOS/Source/portable/GCC/ARM_CM4F/port.o
LOAD ./Middlewares/Third_Party/FreeRTOS/Source/portable/MemMang/heap_4.o
START GROUP
LOAD c:/st/stm32cubeide_1.11.2/stm32cubeide/plugins/com.st.stm32cube.ide.mcu.externaltools.gnu-tools-for-stm32.10.3-2021.10.win32_1.0.100.202210260954/tools/bin/../lib/gcc/arm-none-eabi/10.3.1/../../../../arm-none-eabi/lib/thumb/v7e-m+fp/hard\libc_nano.a
LOAD c:/st/stm32cubeide_1.11.2/stm32cubeide/plugins/com.st.stm32cube.ide.mcu.externaltools.gnu-tools-for-stm32.10.3-2021.10.win32_1.0.100.202210260954/tools/bin/../lib/gcc/arm-none-eabi/10.3.1/../../../../arm-none-eabi/lib/thumb/v7e-m+fp/hard\libm.a
END GROUP
START GROUP
LOAD c:/st/stm32cubeide_1.11.2/stm32cubeide/plugins/com.st.stm32cube.ide.mcu.externaltools.gnu-tools-for-stm32.10.3-2021.10.win32_1.0.100.202210260954/tools/bin/../lib/gcc/arm-none-eabi/10.3.1/thumb/v7e-m+fp/hard\libgcc.a
LOAD c:/st/stm32cubeide_1.11.2/stm32cubeide/plugins/com.st.stm32cube.ide.mcu.externaltools.gnu-tools-for-stm32.10.3-2021.10.win32_1.0.100.202210260954/tools/bin/../lib/gcc/arm-none-eabi/10.3.1/../../../../arm-none-eabi/lib/thumb/v7e-m+fp/hard\libc_nano.a
END GROUP
START GROUP
LOAD c:/st/stm32cubeide_1.11.2/stm32cubeide/plugins/com.st.stm32cube.ide.mcu.externaltools.gnu-tools-for-stm32.10.3-2021.10.win32_1.0.100.202210260954/tools/bin/../lib/gcc/arm-none-eabi/10.3.1/thumb/v7e-m+fp/hard\libgcc.a
LOAD c:/st/stm32cubeide_1.11.2/stm32cubeide/plugins/com.st.stm32cube.ide.mcu.externaltools.gnu-tools-for-stm32.10.3-2021.10.win32_1.0.100.202210260954/tools/bin/../lib/gcc/arm-none-eabi/10.3.1/../../../../arm-none-eabi/lib/thumb/v7e-m+fp/hard\libc_nano.a
LOAD c:/st/stm32cubeide_1.11.2/stm32cubeide/plugins/com.st.stm32cube.ide.mcu.externaltools.gnu-tools-for-stm32.10.3-2021.10.win32_1.0.100.202210260954/tools/bin/../lib/gcc/arm-none-eabi/10.3.1/../../../../arm-none-eabi/lib/thumb/v7e-m+fp/hard\libnosys.a
END GROUP
START GROUP
LOAD c:/st/stm32cubeide_1.11.2/stm32cubeide/plugins/com.st.stm32cube.ide.mcu.externaltools.gnu-tools-for-stm32.10.3-2021.10.win32_1.0.100.202210260954/tools/bin/../lib/gcc/arm-none-eabi/10.3.1/thumb/v7e-m+fp/hard\libgcc.a
LOAD c:/st/stm32cubeide_1.11.2/stm32cubeide/plugins/com.st.stm32cube.ide.mcu.externaltools.gnu-tools-for-stm32.10.3-2021.10.win32_1.0.100.202210260954/tools/bin/../lib/gcc/arm-none-eabi/10.3.1/../../../../arm-none-eabi/lib/thumb/v7e-m+fp/hard\libc_nano.a
LOAD c:/st/stm32cubeide_1.11.2/stm32cubeide/plugins/com.st.stm32cube.ide.mcu.externaltools.gnu-tools-for-stm32.10.3-2021.10.win32_1.0.100.202210260954/tools/bin/../lib/gcc/arm-none-eabi/10.3.1/../../../../arm-none-eabi/lib/thumb/v7e-m+fp/hard\libnosys.a
END GROUP
LOAD c:/st/stm32cubeide_1.11.2/stm32cubeide/plugins/com.st.stm32cube.ide.mcu.externaltools.gnu-tools-for-stm32.10.3-2021.10.win32_1.0.100.202210260954/tools/bin/../lib/gcc/arm-none-eabi/10.3.1/thumb/v7e-m+fp/hard/crtend.o
LOAD c:/st/stm32cubeide_1.11.2/stm32cubeide/plugins/com.st.stm32cube.ide.mcu.externaltools.gnu-tools-for-stm32.10.3-2021.10.win32_1.0.100.202210260954/tools/bin/../lib/gcc/arm-none-eabi/10.3.1/thumb/v7e-m+fp/hard/crtn.o
                0x0000000020018000                _estack = (ORIGIN (RAM) + LENGTH (RAM))
                0x0000000000000200                _Min_Heap_Size = 0x200
                0x0000000000000400                _Min_Stack_Size = 0x400

.isr_vector     0x0000000008000000      0x188
                0x0000000008000000                . = ALIGN (0x4)
 *(.isr_vector)
 .isr_vector    0x0000000008000000      0x188 ./Core/Startup/startup_stm32l475vgtx.o
                0x0000000008000000                g_pfnVectors
                0x0000000008000188                . = ALIGN (0x4)

.text           0x0000000008000190     0x8524
                0x0000000008000190                . = ALIGN (0x4)
 *(.text)
 .text          0x0000000008000190       0x40 c:/st/stm32cubeide_1.11.2/stm32cubeide/plugins/com.st.stm32cube.ide.mcu.externaltools.gnu-tools-for-stm32.10.3-2021.10.win32_1.0.100.202210260954/tools/bin/../lib/gcc/arm-none-eabi/10.3.1/thumb/v7e-m+fp/hard/crtbegin.o
 .text          0x00000000080001d0       0xa0 c:/st/stm32cubeide_1.11.2/stm32cubeide/plugins/com.st.stm32cube.ide.mcu.externaltools.gnu-tools-for-stm32.10.3-2021.10.win32_1.0.100.202210260954/tools/bin/../lib/gcc/arm-none-eabi/10.3.1/../../../../arm-none-eabi/lib/thumb/v7e-m+fp/hard\libc_nano.a(lib_a-memchr.o)
                0x00000000080001d0                memchr
 .text          0x0000000008000270      0x378 c:/st/stm32cubeide_1.11.2/stm32cubeide/plugins/com.st.stm32cube.ide.mcu.externaltools.gnu-tools-for-stm32.10.3-2021.10.win32_1.0.100.202210260954/tools/bin/../lib/gcc/arm-none-eabi/10.3.1/thumb/v7e-m+fp/hard\libgcc.a(_arm_addsubdf3.o)
                0x0000000008000270                __aeabi_drsub
                0x0000000008000278                __aeabi_dsub
                0x0000000008000278                __subdf3
                0x000000000800027c                __aeabi_dadd
                0x000000000800027c                __adddf3
                0x00000000080004f4                __floatunsidf
                0x00000000080004f4                __aeabi_ui2d
                0x0000000008000514                __floatsidf
                0x0000000008000514                __aeabi_i2d
                0x0000000008000538                __aeabi_f2d
                0x0000000008000538                __extendsfdf2
                0x000000000800057c                __floatundidf
                0x000000000800057c                __aeabi_ul2d
                0x000000000800058c                __floatdidf
                0x000000000800058c                __aeabi_l2d
 .text          0x00000000080005e8       0x50 c:/st/stm32cubeide_1.11.2/stm32cubeide/plugins/com.st.stm32cube.ide.mcu.externaltools.gnu-tools-for-stm32.10.3-2021.10.win32_1.0.100.202210260954/tools/bin/../lib/gcc/arm-none-eabi/10.3.1/thumb/v7e-m+fp/hard\libgcc.a(_arm_fixdfsi.o)
                0x00000000080005e8                __aeabi_d2iz
                0x00000000080005e8                __fixdfsi
 .text          0x0000000008000638       0x30 c:/st/stm32cubeide_1.11.2/stm32cubeide/plugins/com.st.stm32cube.ide.mcu.externaltools.gnu-tools-for-stm32.10.3-2021.10.win32_1.0.100.202210260954/tools/bin/../lib/gcc/arm-none-eabi/10.3.1/thumb/v7e-m+fp/hard\libgcc.a(_aeabi_uldivmod.o)
                0x0000000008000638                __aeabi_uldivmod
 .text          0x0000000008000668      0x2d0 c:/st/stm32cubeide_1.11.2/stm32cubeide/plugins/com.st.stm32cube.ide.mcu.externaltools.gnu-tools-for-stm32.10.3-2021.10.win32_1.0.100.202210260954/tools/bin/../lib/gcc/arm-none-eabi/10.3.1/thumb/v7e-m+fp/hard\libgcc.a(_udivmoddi4.o)
                0x0000000008000668                __udivmoddi4
 .text          0x0000000008000938        0x4 c:/st/stm32cubeide_1.11.2/stm32cubeide/plugins/com.st.stm32cube.ide.mcu.externaltools.gnu-tools-for-stm32.10.3-2021.10.win32_1.0.100.202210260954/tools/bin/../lib/gcc/arm-none-eabi/10.3.1/thumb/v7e-m+fp/hard\libgcc.a(_dvmd_tls.o)
                0x0000000008000938                __aeabi_idiv0
                0x0000000008000938                __aeabi_ldiv0
 *(.text*)
 .text.vApplicationGetIdleTaskMemory
                0x000000000800093c       0x34 ./Core/Src/freertos.o
                0x000000000800093c                vApplicationGetIdleTaskMemory
 .text.main     0x0000000008000970      0x14c ./Core/Src/main.o
                0x0000000008000970                main
 .text.SystemClock_Config
                0x0000000008000abc       0xc4 ./Core/Src/main.o
                0x0000000008000abc                SystemClock_Config
 .text.MX_DFSDM1_Init
                0x0000000008000b80       0x70 ./Core/Src/main.o
 .text.MX_I2C2_Init
                0x0000000008000bf0       0x80 ./Core/Src/main.o
 .text.MX_QUADSPI_Init
                0x0000000008000c70       0x4c ./Core/Src/main.o
 .text.MX_SPI3_Init
                0x0000000008000cbc       0x7c ./Core/Src/main.o
 .text.MX_USART1_UART_Init
                0x0000000008000d38       0x60 ./Core/Src/main.o
 .text.MX_USART3_UART_Init
                0x0000000008000d98       0x60 ./Core/Src/main.o
 .text.MX_USB_OTG_FS_PCD_Init
                0x0000000008000df8       0x5c ./Core/Src/main.o
 .text.MX_GPIO_Init
                0x0000000008000e54      0x360 ./Core/Src/main.o
 .text.StartDefaultTask
                0x00000000080011b4       0x10 ./Core/Src/main.o
                0x00000000080011b4                StartDefaultTask
 .text.HAL_TIM_PeriodElapsedCallback
                0x00000000080011c4       0x24 ./Core/Src/main.o
                0x00000000080011c4                HAL_TIM_PeriodElapsedCallback
 .text.Error_Handler
                0x00000000080011e8        0xa ./Core/Src/main.o
                0x00000000080011e8                Error_Handler
 *fill*         0x00000000080011f2        0x2 
 .text.HAL_MspInit
                0x00000000080011f4       0x50 ./Core/Src/stm32l4xx_hal_msp.o
                0x00000000080011f4                HAL_MspInit
 .text.HAL_DFSDM_ChannelMspInit
                0x0000000008001244       0xc8 ./Core/Src/stm32l4xx_hal_msp.o
                0x0000000008001244                HAL_DFSDM_ChannelMspInit
 .text.HAL_I2C_MspInit
                0x000000000800130c       0xbc ./Core/Src/stm32l4xx_hal_msp.o
                0x000000000800130c                HAL_I2C_MspInit
 .text.HAL_I2C_MspDeInit
                0x00000000080013c8       0x48 ./Core/Src/stm32l4xx_hal_msp.o
                0x00000000080013c8                HAL_I2C_MspDeInit
 .text.HAL_QSPI_MspInit
                0x0000000008001410       0x88 ./Core/Src/stm32l4xx_hal_msp.o
                0x0000000008001410                HAL_QSPI_MspInit
 .text.HAL_SPI_MspInit
                0x0000000008001498       0x88 ./Core/Src/stm32l4xx_hal_msp.o
                0x0000000008001498                HAL_SPI_MspInit
 .text.HAL_UART_MspInit
                0x0000000008001520      0x148 ./Core/Src/stm32l4xx_hal_msp.o
                0x0000000008001520                HAL_UART_MspInit
 .text.HAL_PCD_MspInit
                0x0000000008001668      0x138 ./Core/Src/stm32l4xx_hal_msp.o
                0x0000000008001668                HAL_PCD_MspInit
 .text.HAL_InitTick
                0x00000000080017a0       0xdc ./Core/Src/stm32l4xx_hal_timebase_tim.o
                0x00000000080017a0                HAL_InitTick
 .text.NMI_Handler
                0x000000000800187c        0x6 ./Core/Src/stm32l4xx_it.o
                0x000000000800187c                NMI_Handler
 .text.HardFault_Handler
                0x0000000008001882        0x6 ./Core/Src/stm32l4xx_it.o
                0x0000000008001882                HardFault_Handler
 .text.MemManage_Handler
                0x0000000008001888        0x6 ./Core/Src/stm32l4xx_it.o
                0x0000000008001888                MemManage_Handler
 .text.BusFault_Handler
                0x000000000800188e        0x6 ./Core/Src/stm32l4xx_it.o
                0x000000000800188e                BusFault_Handler
 .text.UsageFault_Handler
                0x0000000008001894        0x6 ./Core/Src/stm32l4xx_it.o
                0x0000000008001894                UsageFault_Handler
 .text.DebugMon_Handler
                0x000000000800189a        0xe ./Core/Src/stm32l4xx_it.o
                0x000000000800189a                DebugMon_Handler
 .text.EXTI9_5_IRQHandler
                0x00000000080018a8       0x22 ./Core/Src/stm32l4xx_it.o
                0x00000000080018a8                EXTI9_5_IRQHandler
 *fill*         0x00000000080018ca        0x2 
 .text.TIM1_UP_TIM16_IRQHandler
                0x00000000080018cc       0x14 ./Core/Src/stm32l4xx_it.o
                0x00000000080018cc                TIM1_UP_TIM16_IRQHandler
 .text.EXTI15_10_IRQHandler
                0x00000000080018e0       0x28 ./Core/Src/stm32l4xx_it.o
                0x00000000080018e0                EXTI15_10_IRQHandler
 .text._sbrk    0x0000000008001908       0x6c ./Core/Src/sysmem.o
                0x0000000008001908                _sbrk
 .text.SystemInit
                0x0000000008001974       0x24 ./Core/Src/system_stm32l4xx.o
                0x0000000008001974                SystemInit
 .text.Reset_Handler
                0x0000000008001998       0x50 ./Core/Startup/startup_stm32l475vgtx.o
                0x0000000008001998                Reset_Handler
 .text.Default_Handler
                0x00000000080019e8        0x2 ./Core/Startup/startup_stm32l475vgtx.o
                0x00000000080019e8                RTC_Alarm_IRQHandler
                0x00000000080019e8                EXTI2_IRQHandler
                0x00000000080019e8                TIM8_TRG_COM_IRQHandler
                0x00000000080019e8                TIM8_CC_IRQHandler
                0x00000000080019e8                TIM1_CC_IRQHandler
                0x00000000080019e8                TSC_IRQHandler
                0x00000000080019e8                TAMP_STAMP_IRQHandler
                0x00000000080019e8                EXTI3_IRQHandler
                0x00000000080019e8                LPTIM2_IRQHandler
                0x00000000080019e8                DFSDM1_FLT1_IRQHandler
                0x00000000080019e8                I2C3_ER_IRQHandler
                0x00000000080019e8                DFSDM1_FLT2_IRQHandler
                0x00000000080019e8                EXTI0_IRQHandler
                0x00000000080019e8                I2C2_EV_IRQHandler
                0x00000000080019e8                CAN1_RX0_IRQHandler
                0x00000000080019e8                FPU_IRQHandler
                0x00000000080019e8                ADC1_2_IRQHandler
                0x00000000080019e8                SPI1_IRQHandler
                0x00000000080019e8                TIM6_DAC_IRQHandler
                0x00000000080019e8                TIM8_UP_IRQHandler
                0x00000000080019e8                DMA2_Channel2_IRQHandler
                0x00000000080019e8                DMA1_Channel4_IRQHandler
                0x00000000080019e8                SAI2_IRQHandler
                0x00000000080019e8                DFSDM1_FLT3_IRQHandler
                0x00000000080019e8                USART3_IRQHandler
                0x00000000080019e8                DMA1_Channel7_IRQHandler
                0x00000000080019e8                CAN1_RX1_IRQHandler
                0x00000000080019e8                UART5_IRQHandler
                0x00000000080019e8                ADC3_IRQHandler
                0x00000000080019e8                TIM4_IRQHandler
                0x00000000080019e8                DMA2_Channel1_IRQHandler
                0x00000000080019e8                QUADSPI_IRQHandler
                0x00000000080019e8                I2C1_EV_IRQHandler
                0x00000000080019e8                DMA1_Channel6_IRQHandler
                0x00000000080019e8                UART4_IRQHandler
                0x00000000080019e8                DMA2_Channel4_IRQHandler
                0x00000000080019e8                TIM3_IRQHandler
                0x00000000080019e8                RCC_IRQHandler
                0x00000000080019e8                DMA1_Channel1_IRQHandler
                0x00000000080019e8                Default_Handler
                0x00000000080019e8                DMA2_Channel7_IRQHandler
                0x00000000080019e8                TIM7_IRQHandler
                0x00000000080019e8                SDMMC1_IRQHandler
                0x00000000080019e8                TIM5_IRQHandler
                0x00000000080019e8                I2C3_EV_IRQHandler
                0x00000000080019e8                RTC_WKUP_IRQHandler
                0x00000000080019e8                PVD_PVM_IRQHandler
                0x00000000080019e8                SPI2_IRQHandler
                0x00000000080019e8                CAN1_TX_IRQHandler
                0x00000000080019e8                DMA2_Channel5_IRQHandler
                0x00000000080019e8                DMA1_Channel5_IRQHandler
                0x00000000080019e8                EXTI4_IRQHandler
                0x00000000080019e8                RNG_IRQHandler
                0x00000000080019e8                TIM1_TRG_COM_TIM17_IRQHandler
                0x00000000080019e8                DMA1_Channel3_IRQHandler
                0x00000000080019e8                COMP_IRQHandler
                0x00000000080019e8                WWDG_IRQHandler
                0x00000000080019e8                LPUART1_IRQHandler
                0x00000000080019e8                DMA2_Channel6_IRQHandler
                0x00000000080019e8                TIM2_IRQHandler
                0x00000000080019e8                EXTI1_IRQHandler
                0x00000000080019e8                USART2_IRQHandler
                0x00000000080019e8                DFSDM1_FLT0_IRQHandler
                0x00000000080019e8                I2C2_ER_IRQHandler
                0x00000000080019e8                DMA1_Channel2_IRQHandler
                0x00000000080019e8                TIM8_BRK_IRQHandler
                0x00000000080019e8                CAN1_SCE_IRQHandler
                0x00000000080019e8                FLASH_IRQHandler
                0x00000000080019e8                USART1_IRQHandler
                0x00000000080019e8                OTG_FS_IRQHandler
                0x00000000080019e8                SPI3_IRQHandler
                0x00000000080019e8                I2C1_ER_IRQHandler
                0x00000000080019e8                FMC_IRQHandler
                0x00000000080019e8                SWPMI1_IRQHandler
                0x00000000080019e8                LPTIM1_IRQHandler
                0x00000000080019e8                SAI1_IRQHandler
                0x00000000080019e8                DMA2_Channel3_IRQHandler
                0x00000000080019e8                TIM1_BRK_TIM15_IRQHandler
 *fill*         0x00000000080019ea        0x2 
 .text.I2Cx_MspInit
                0x00000000080019ec       0xb0 ./Drivers/BSP/B-L475E-IOT01/stm32l475e_iot01.o
 .text.I2Cx_Init
                0x0000000008001a9c       0x5c ./Drivers/BSP/B-L475E-IOT01/stm32l475e_iot01.o
 .text.I2Cx_ReadMultiple
                0x0000000008001af8       0x5a ./Drivers/BSP/B-L475E-IOT01/stm32l475e_iot01.o
 .text.I2Cx_WriteMultiple
                0x0000000008001b52       0x5a ./Drivers/BSP/B-L475E-IOT01/stm32l475e_iot01.o
 .text.I2Cx_Error
                0x0000000008001bac       0x20 ./Drivers/BSP/B-L475E-IOT01/stm32l475e_iot01.o
 .text.SENSOR_IO_Init
                0x0000000008001bcc       0x14 ./Drivers/BSP/B-L475E-IOT01/stm32l475e_iot01.o
                0x0000000008001bcc                SENSOR_IO_Init
 .text.SENSOR_IO_Write
                0x0000000008001be0       0x34 ./Drivers/BSP/B-L475E-IOT01/stm32l475e_iot01.o
                0x0000000008001be0                SENSOR_IO_Write
 .text.SENSOR_IO_Read
                0x0000000008001c14       0x3c ./Drivers/BSP/B-L475E-IOT01/stm32l475e_iot01.o
                0x0000000008001c14                SENSOR_IO_Read
 .text.SENSOR_IO_ReadMultiple
                0x0000000008001c50       0x3c ./Drivers/BSP/B-L475E-IOT01/stm32l475e_iot01.o
                0x0000000008001c50                SENSOR_IO_ReadMultiple
 .text.BSP_TSENSOR_Init
                0x0000000008001c8c       0x38 ./Drivers/BSP/B-L475E-IOT01/stm32l475e_iot01_tsensor.o
                0x0000000008001c8c                BSP_TSENSOR_Init
 .text.BSP_TSENSOR_ReadTemp
                0x0000000008001cc4       0x1c ./Drivers/BSP/B-L475E-IOT01/stm32l475e_iot01_tsensor.o
                0x0000000008001cc4                BSP_TSENSOR_ReadTemp
 .text.HTS221_T_Init
                0x0000000008001ce0       0x5a ./Drivers/BSP/Components/hts221/hts221.o
                0x0000000008001ce0                HTS221_T_Init
 .text.HTS221_T_ReadTemp
                0x0000000008001d3a      0x10e ./Drivers/BSP/Components/hts221/hts221.o
                0x0000000008001d3a                HTS221_T_ReadTemp
 .text.HAL_Init
                0x0000000008001e48       0x30 ./Drivers/STM32L4xx_HAL_Driver/Src/stm32l4xx_hal.o
                0x0000000008001e48                HAL_Init
 .text.HAL_IncTick
                0x0000000008001e78       0x28 ./Drivers/STM32L4xx_HAL_Driver/Src/stm32l4xx_hal.o
                0x0000000008001e78                HAL_IncTick
 .text.HAL_GetTick
                0x0000000008001ea0       0x18 ./Drivers/STM32L4xx_HAL_Driver/Src/stm32l4xx_hal.o
                0x0000000008001ea0                HAL_GetTick
 .text.HAL_Delay
                0x0000000008001eb8       0x48 ./Drivers/STM32L4xx_HAL_Driver/Src/stm32l4xx_hal.o
                0x0000000008001eb8                HAL_Delay
 .text.__NVIC_SetPriorityGrouping
                0x0000000008001f00       0x48 ./Drivers/STM32L4xx_HAL_Driver/Src/stm32l4xx_hal_cortex.o
 .text.__NVIC_GetPriorityGrouping
                0x0000000008001f48       0x1c ./Drivers/STM32L4xx_HAL_Driver/Src/stm32l4xx_hal_cortex.o
 .text.__NVIC_EnableIRQ
                0x0000000008001f64       0x3c ./Drivers/STM32L4xx_HAL_Driver/Src/stm32l4xx_hal_cortex.o
 .text.__NVIC_SetPriority
                0x0000000008001fa0       0x54 ./Drivers/STM32L4xx_HAL_Driver/Src/stm32l4xx_hal_cortex.o
 .text.NVIC_EncodePriority
                0x0000000008001ff4       0x66 ./Drivers/STM32L4xx_HAL_Driver/Src/stm32l4xx_hal_cortex.o
 .text.HAL_NVIC_SetPriorityGrouping
                0x000000000800205a       0x16 ./Drivers/STM32L4xx_HAL_Driver/Src/stm32l4xx_hal_cortex.o
                0x000000000800205a                HAL_NVIC_SetPriorityGrouping
 .text.HAL_NVIC_SetPriority
                0x0000000008002070       0x38 ./Drivers/STM32L4xx_HAL_Driver/Src/stm32l4xx_hal_cortex.o
                0x0000000008002070                HAL_NVIC_SetPriority
 .text.HAL_NVIC_EnableIRQ
                0x00000000080020a8       0x1c ./Drivers/STM32L4xx_HAL_Driver/Src/stm32l4xx_hal_cortex.o
                0x00000000080020a8                HAL_NVIC_EnableIRQ
 .text.HAL_DFSDM_ChannelInit
                0x00000000080020c4      0x180 ./Drivers/STM32L4xx_HAL_Driver/Src/stm32l4xx_hal_dfsdm.o
                0x00000000080020c4                HAL_DFSDM_ChannelInit
 .text.DFSDM_GetChannelFromInstance
                0x0000000008002244       0x98 ./Drivers/STM32L4xx_HAL_Driver/Src/stm32l4xx_hal_dfsdm.o
 .text.HAL_GPIO_Init
                0x00000000080022dc      0x354 ./Drivers/STM32L4xx_HAL_Driver/Src/stm32l4xx_hal_gpio.o
                0x00000000080022dc                HAL_GPIO_Init
 .text.HAL_GPIO_DeInit
                0x0000000008002630      0x1e8 ./Drivers/STM32L4xx_HAL_Driver/Src/stm32l4xx_hal_gpio.o
                0x0000000008002630                HAL_GPIO_DeInit
 .text.HAL_GPIO_ReadPin
                0x0000000008002818       0x30 ./Drivers/STM32L4xx_HAL_Driver/Src/stm32l4xx_hal_gpio.o
                0x0000000008002818                HAL_GPIO_ReadPin
 .text.HAL_GPIO_WritePin
                0x0000000008002848       0x30 ./Drivers/STM32L4xx_HAL_Driver/Src/stm32l4xx_hal_gpio.o
                0x0000000008002848                HAL_GPIO_WritePin
 .text.HAL_GPIO_EXTI_IRQHandler
                0x0000000008002878       0x30 ./Drivers/STM32L4xx_HAL_Driver/Src/stm32l4xx_hal_gpio.o
                0x0000000008002878                HAL_GPIO_EXTI_IRQHandler
 .text.HAL_GPIO_EXTI_Callback
                0x00000000080028a8       0x16 ./Drivers/STM32L4xx_HAL_Driver/Src/stm32l4xx_hal_gpio.o
                0x00000000080028a8                HAL_GPIO_EXTI_Callback
 .text.HAL_I2C_Init
                0x00000000080028be      0x11e ./Drivers/STM32L4xx_HAL_Driver/Src/stm32l4xx_hal_i2c.o
                0x00000000080028be                HAL_I2C_Init
 .text.HAL_I2C_DeInit
                0x00000000080029dc       0x5e ./Drivers/STM32L4xx_HAL_Driver/Src/stm32l4xx_hal_i2c.o
                0x00000000080029dc                HAL_I2C_DeInit
 *fill*         0x0000000008002a3a        0x2 
 .text.HAL_I2C_Mem_Write
                0x0000000008002a3c      0x228 ./Drivers/STM32L4xx_HAL_Driver/Src/stm32l4xx_hal_i2c.o
                0x0000000008002a3c                HAL_I2C_Mem_Write
 .text.HAL_I2C_Mem_Read
                0x0000000008002c64      0x234 ./Drivers/STM32L4xx_HAL_Driver/Src/stm32l4xx_hal_i2c.o
                0x0000000008002c64                HAL_I2C_Mem_Read
 .text.I2C_RequestMemoryWrite
                0x0000000008002e98       0xa8 ./Drivers/STM32L4xx_HAL_Driver/Src/stm32l4xx_hal_i2c.o
 .text.I2C_RequestMemoryRead
                0x0000000008002f40       0xa8 ./Drivers/STM32L4xx_HAL_Driver/Src/stm32l4xx_hal_i2c.o
 .text.I2C_Flush_TXDR
                0x0000000008002fe8       0x48 ./Drivers/STM32L4xx_HAL_Driver/Src/stm32l4xx_hal_i2c.o
 .text.I2C_WaitOnFlagUntilTimeout
                0x0000000008003030       0x80 ./Drivers/STM32L4xx_HAL_Driver/Src/stm32l4xx_hal_i2c.o
 .text.I2C_WaitOnTXISFlagUntilTimeout
                0x00000000080030b0       0x80 ./Drivers/STM32L4xx_HAL_Driver/Src/stm32l4xx_hal_i2c.o
 .text.I2C_WaitOnSTOPFlagUntilTimeout
                0x0000000008003130       0x78 ./Drivers/STM32L4xx_HAL_Driver/Src/stm32l4xx_hal_i2c.o
 .text.I2C_IsErrorOccurred
                0x00000000080031a8      0x1d8 ./Drivers/STM32L4xx_HAL_Driver/Src/stm32l4xx_hal_i2c.o
 .text.I2C_TransferConfig
                0x0000000008003380       0x64 ./Drivers/STM32L4xx_HAL_Driver/Src/stm32l4xx_hal_i2c.o
 .text.HAL_I2CEx_ConfigAnalogFilter
                0x00000000080033e4       0x96 ./Drivers/STM32L4xx_HAL_Driver/Src/stm32l4xx_hal_i2c_ex.o
                0x00000000080033e4                HAL_I2CEx_ConfigAnalogFilter
 .text.HAL_I2CEx_ConfigDigitalFilter
                0x000000000800347a       0x98 ./Drivers/STM32L4xx_HAL_Driver/Src/stm32l4xx_hal_i2c_ex.o
                0x000000000800347a                HAL_I2CEx_ConfigDigitalFilter
 .text.HAL_PCD_Init
                0x0000000008003512      0x248 ./Drivers/STM32L4xx_HAL_Driver/Src/stm32l4xx_hal_pcd.o
                0x0000000008003512                HAL_PCD_Init
 .text.HAL_PCDEx_ActivateLPM
                0x000000000800375a       0x48 ./Drivers/STM32L4xx_HAL_Driver/Src/stm32l4xx_hal_pcd_ex.o
                0x000000000800375a                HAL_PCDEx_ActivateLPM
 *fill*         0x00000000080037a2        0x2 
 .text.HAL_PWR_EnableBkUpAccess
                0x00000000080037a4       0x20 ./Drivers/STM32L4xx_HAL_Driver/Src/stm32l4xx_hal_pwr.o
                0x00000000080037a4                HAL_PWR_EnableBkUpAccess
 .text.HAL_PWREx_GetVoltageRange
                0x00000000080037c4       0x1c ./Drivers/STM32L4xx_HAL_Driver/Src/stm32l4xx_hal_pwr_ex.o
                0x00000000080037c4                HAL_PWREx_GetVoltageRange
 .text.HAL_PWREx_ControlVoltageScaling
                0x00000000080037e0       0xac ./Drivers/STM32L4xx_HAL_Driver/Src/stm32l4xx_hal_pwr_ex.o
                0x00000000080037e0                HAL_PWREx_ControlVoltageScaling
 .text.HAL_PWREx_EnableVddUSB
                0x000000000800388c       0x20 ./Drivers/STM32L4xx_HAL_Driver/Src/stm32l4xx_hal_pwr_ex.o
                0x000000000800388c                HAL_PWREx_EnableVddUSB
 .text.HAL_QSPI_Init
                0x00000000080038ac       0xec ./Drivers/STM32L4xx_HAL_Driver/Src/stm32l4xx_hal_qspi.o
                0x00000000080038ac                HAL_QSPI_Init
 .text.HAL_QSPI_SetTimeout
                0x0000000008003998       0x1c ./Drivers/STM32L4xx_HAL_Driver/Src/stm32l4xx_hal_qspi.o
                0x0000000008003998                HAL_QSPI_SetTimeout
 .text.QSPI_WaitFlagStateUntilTimeout
                0x00000000080039b4       0x6e ./Drivers/STM32L4xx_HAL_Driver/Src/stm32l4xx_hal_qspi.o
 *fill*         0x0000000008003a22        0x2 
 .text.HAL_RCC_OscConfig
                0x0000000008003a24      0x7b8 ./Drivers/STM32L4xx_HAL_Driver/Src/stm32l4xx_hal_rcc.o
                0x0000000008003a24                HAL_RCC_OscConfig
 .text.HAL_RCC_ClockConfig
                0x00000000080041dc      0x200 ./Drivers/STM32L4xx_HAL_Driver/Src/stm32l4xx_hal_rcc.o
                0x00000000080041dc                HAL_RCC_ClockConfig
 .text.HAL_RCC_GetSysClockFreq
                0x00000000080043dc      0x118 ./Drivers/STM32L4xx_HAL_Driver/Src/stm32l4xx_hal_rcc.o
                0x00000000080043dc                HAL_RCC_GetSysClockFreq
 .text.HAL_RCC_GetHCLKFreq
                0x00000000080044f4       0x18 ./Drivers/STM32L4xx_HAL_Driver/Src/stm32l4xx_hal_rcc.o
                0x00000000080044f4                HAL_RCC_GetHCLKFreq
 .text.HAL_RCC_GetPCLK1Freq
                0x000000000800450c       0x2c ./Drivers/STM32L4xx_HAL_Driver/Src/stm32l4xx_hal_rcc.o
                0x000000000800450c                HAL_RCC_GetPCLK1Freq
 .text.HAL_RCC_GetPCLK2Freq
                0x0000000008004538       0x2c ./Drivers/STM32L4xx_HAL_Driver/Src/stm32l4xx_hal_rcc.o
                0x0000000008004538                HAL_RCC_GetPCLK2Freq
 .text.HAL_RCC_GetClockConfig
                0x0000000008004564       0x64 ./Drivers/STM32L4xx_HAL_Driver/Src/stm32l4xx_hal_rcc.o
                0x0000000008004564                HAL_RCC_GetClockConfig
 .text.RCC_SetFlashLatencyFromMSIRange
                0x00000000080045c8       0xc0 ./Drivers/STM32L4xx_HAL_Driver/Src/stm32l4xx_hal_rcc.o
 .text.HAL_RCCEx_PeriphCLKConfig
                0x0000000008004688      0x5d4 ./Drivers/STM32L4xx_HAL_Driver/Src/stm32l4xx_hal_rcc_ex.o
                0x0000000008004688                HAL_RCCEx_PeriphCLKConfig
 .text.HAL_RCCEx_EnableMSIPLLMode
                0x0000000008004c5c       0x20 ./Drivers/STM32L4xx_HAL_Driver/Src/stm32l4xx_hal_rcc_ex.o
                0x0000000008004c5c                HAL_RCCEx_EnableMSIPLLMode
 .text.RCCEx_PLLSAI1_Config
                0x0000000008004c7c      0x1e8 ./Drivers/STM32L4xx_HAL_Driver/Src/stm32l4xx_hal_rcc_ex.o
 .text.RCCEx_PLLSAI2_Config
                0x0000000008004e64      0x1bc ./Drivers/STM32L4xx_HAL_Driver/Src/stm32l4xx_hal_rcc_ex.o
 .text.HAL_SPI_Init
                0x0000000008005020      0x146 ./Drivers/STM32L4xx_HAL_Driver/Src/stm32l4xx_hal_spi.o
                0x0000000008005020                HAL_SPI_Init
 .text.HAL_TIM_Base_Init
                0x0000000008005166       0xae ./Drivers/STM32L4xx_HAL_Driver/Src/stm32l4xx_hal_tim.o
                0x0000000008005166                HAL_TIM_Base_Init
 .text.HAL_TIM_Base_MspInit
                0x0000000008005214       0x14 ./Drivers/STM32L4xx_HAL_Driver/Src/stm32l4xx_hal_tim.o
                0x0000000008005214                HAL_TIM_Base_MspInit
 .text.HAL_TIM_Base_Start_IT
                0x0000000008005228       0xe0 ./Drivers/STM32L4xx_HAL_Driver/Src/stm32l4xx_hal_tim.o
                0x0000000008005228                HAL_TIM_Base_Start_IT
 .text.HAL_TIM_IRQHandler
                0x0000000008005308      0x23e ./Drivers/STM32L4xx_HAL_Driver/Src/stm32l4xx_hal_tim.o
                0x0000000008005308                HAL_TIM_IRQHandler
 .text.HAL_TIM_OC_DelayElapsedCallback
                0x0000000008005546       0x14 ./Drivers/STM32L4xx_HAL_Driver/Src/stm32l4xx_hal_tim.o
                0x0000000008005546                HAL_TIM_OC_DelayElapsedCallback
 .text.HAL_TIM_IC_CaptureCallback
                0x000000000800555a       0x14 ./Drivers/STM32L4xx_HAL_Driver/Src/stm32l4xx_hal_tim.o
                0x000000000800555a                HAL_TIM_IC_CaptureCallback
 .text.HAL_TIM_PWM_PulseFinishedCallback
                0x000000000800556e       0x14 ./Drivers/STM32L4xx_HAL_Driver/Src/stm32l4xx_hal_tim.o
                0x000000000800556e                HAL_TIM_PWM_PulseFinishedCallback
 .text.HAL_TIM_TriggerCallback
                0x0000000008005582       0x14 ./Drivers/STM32L4xx_HAL_Driver/Src/stm32l4xx_hal_tim.o
                0x0000000008005582                HAL_TIM_TriggerCallback
 *fill*         0x0000000008005596        0x2 
 .text.TIM_Base_SetConfig
                0x0000000008005598      0x134 ./Drivers/STM32L4xx_HAL_Driver/Src/stm32l4xx_hal_tim.o
                0x0000000008005598                TIM_Base_SetConfig
 .text.HAL_TIMEx_CommutCallback
                0x00000000080056cc       0x14 ./Drivers/STM32L4xx_HAL_Driver/Src/stm32l4xx_hal_tim_ex.o
                0x00000000080056cc                HAL_TIMEx_CommutCallback
 .text.HAL_TIMEx_BreakCallback
                0x00000000080056e0       0x14 ./Drivers/STM32L4xx_HAL_Driver/Src/stm32l4xx_hal_tim_ex.o
                0x00000000080056e0                HAL_TIMEx_BreakCallback
 .text.HAL_TIMEx_Break2Callback
                0x00000000080056f4       0x14 ./Drivers/STM32L4xx_HAL_Driver/Src/stm32l4xx_hal_tim_ex.o
                0x00000000080056f4                HAL_TIMEx_Break2Callback
 .text.HAL_UART_Init
                0x0000000008005708       0x9c ./Drivers/STM32L4xx_HAL_Driver/Src/stm32l4xx_hal_uart.o
                0x0000000008005708                HAL_UART_Init
 .text.HAL_UART_Transmit
                0x00000000080057a4      0x128 ./Drivers/STM32L4xx_HAL_Driver/Src/stm32l4xx_hal_uart.o
                0x00000000080057a4                HAL_UART_Transmit
 .text.UART_SetConfig
                0x00000000080058cc      0x570 ./Drivers/STM32L4xx_HAL_Driver/Src/stm32l4xx_hal_uart.o
                0x00000000080058cc                UART_SetConfig
 .text.UART_AdvFeatureConfig
                0x0000000008005e3c      0x144 ./Drivers/STM32L4xx_HAL_Driver/Src/stm32l4xx_hal_uart.o
                0x0000000008005e3c                UART_AdvFeatureConfig
 .text.UART_CheckIdleState
                0x0000000008005f80       0x92 ./Drivers/STM32L4xx_HAL_Driver/Src/stm32l4xx_hal_uart.o
                0x0000000008005f80                UART_CheckIdleState
 .text.UART_WaitOnFlagUntilTimeout
                0x0000000008006012      0x188 ./Drivers/STM32L4xx_HAL_Driver/Src/stm32l4xx_hal_uart.o
                0x0000000008006012                UART_WaitOnFlagUntilTimeout
 .text.USB_CoreInit
                0x000000000800619a       0x58 ./Drivers/STM32L4xx_HAL_Driver/Src/stm32l4xx_ll_usb.o
                0x000000000800619a                USB_CoreInit
 .text.USB_DisableGlobalInt
                0x00000000080061f2       0x22 ./Drivers/STM32L4xx_HAL_Driver/Src/stm32l4xx_ll_usb.o
                0x00000000080061f2                USB_DisableGlobalInt
 .text.USB_SetCurrentMode
                0x0000000008006214       0x98 ./Drivers/STM32L4xx_HAL_Driver/Src/stm32l4xx_ll_usb.o
                0x0000000008006214                USB_SetCurrentMode
 .text.USB_DevInit
                0x00000000080062ac      0x298 ./Drivers/STM32L4xx_HAL_Driver/Src/stm32l4xx_ll_usb.o
                0x00000000080062ac                USB_DevInit
 .text.USB_FlushTxFifo
                0x0000000008006544       0x68 ./Drivers/STM32L4xx_HAL_Driver/Src/stm32l4xx_ll_usb.o
                0x0000000008006544                USB_FlushTxFifo
 .text.USB_FlushRxFifo
                0x00000000080065ac       0x60 ./Drivers/STM32L4xx_HAL_Driver/Src/stm32l4xx_ll_usb.o
                0x00000000080065ac                USB_FlushRxFifo
 .text.USB_SetDevSpeed
                0x000000000800660c       0x32 ./Drivers/STM32L4xx_HAL_Driver/Src/stm32l4xx_ll_usb.o
                0x000000000800660c                USB_SetDevSpeed
 .text.USB_DevDisconnect
                0x000000000800663e       0x42 ./Drivers/STM32L4xx_HAL_Driver/Src/stm32l4xx_ll_usb.o
                0x000000000800663e                USB_DevDisconnect
 .text.USB_GetMode
                0x0000000008006680       0x1c ./Drivers/STM32L4xx_HAL_Driver/Src/stm32l4xx_ll_usb.o
                0x0000000008006680                USB_GetMode
 .text.USB_CoreReset
                0x000000000800669c       0x68 ./Drivers/STM32L4xx_HAL_Driver/Src/stm32l4xx_ll_usb.o
 .text.makeFreeRtosPriority
                0x0000000008006704       0x30 ./Middlewares/Third_Party/FreeRTOS/Source/CMSIS_RTOS/cmsis_os.o
 .text.osKernelStart
                0x0000000008006734        0xe ./Middlewares/Third_Party/FreeRTOS/Source/CMSIS_RTOS/cmsis_os.o
                0x0000000008006734                osKernelStart
 .text.osThreadCreate
                0x0000000008006742       0x98 ./Middlewares/Third_Party/FreeRTOS/Source/CMSIS_RTOS/cmsis_os.o
                0x0000000008006742                osThreadCreate
 .text.osDelay  0x00000000080067da       0x28 ./Middlewares/Third_Party/FreeRTOS/Source/CMSIS_RTOS/cmsis_os.o
                0x00000000080067da                osDelay
 .text.vListInitialise
                0x0000000008006802       0x40 ./Middlewares/Third_Party/FreeRTOS/Source/list.o
                0x0000000008006802                vListInitialise
 .text.vListInitialiseItem
                0x0000000008006842       0x1a ./Middlewares/Third_Party/FreeRTOS/Source/list.o
                0x0000000008006842                vListInitialiseItem
 .text.vListInsertEnd
                0x000000000800685c       0x48 ./Middlewares/Third_Party/FreeRTOS/Source/list.o
                0x000000000800685c                vListInsertEnd
 .text.vListInsert
                0x00000000080068a4       0x72 ./Middlewares/Third_Party/FreeRTOS/Source/list.o
                0x00000000080068a4                vListInsert
 .text.uxListRemove
                0x0000000008006916       0x54 ./Middlewares/Third_Party/FreeRTOS/Source/list.o
                0x0000000008006916                uxListRemove
 .text.xTaskCreateStatic
                0x000000000800696a       0xba ./Middlewares/Third_Party/FreeRTOS/Source/tasks.o
                0x000000000800696a                xTaskCreateStatic
 .text.xTaskCreate
                0x0000000008006a24       0x8a ./Middlewares/Third_Party/FreeRTOS/Source/tasks.o
                0x0000000008006a24                xTaskCreate
 *fill*         0x0000000008006aae        0x2 
 .text.prvInitialiseNewTask
                0x0000000008006ab0      0x13c ./Middlewares/Third_Party/FreeRTOS/Source/tasks.o
 .text.prvAddNewTaskToReadyList
                0x0000000008006bec       0xd4 ./Middlewares/Third_Party/FreeRTOS/Source/tasks.o
 .text.vTaskDelay
                0x0000000008006cc0       0x68 ./Middlewares/Third_Party/FreeRTOS/Source/tasks.o
                0x0000000008006cc0                vTaskDelay
 .text.vTaskStartScheduler
                0x0000000008006d28       0xd4 ./Middlewares/Third_Party/FreeRTOS/Source/tasks.o
                0x0000000008006d28                vTaskStartScheduler
 .text.vTaskSuspendAll
                0x0000000008006dfc       0x1c ./Middlewares/Third_Party/FreeRTOS/Source/tasks.o
                0x0000000008006dfc                vTaskSuspendAll
 .text.xTaskResumeAll
                0x0000000008006e18      0x138 ./Middlewares/Third_Party/FreeRTOS/Source/tasks.o
                0x0000000008006e18                xTaskResumeAll
 .text.xTaskIncrementTick
                0x0000000008006f50      0x170 ./Middlewares/Third_Party/FreeRTOS/Source/tasks.o
                0x0000000008006f50                xTaskIncrementTick
 .text.vTaskSwitchContext
                0x00000000080070c0       0xc4 ./Middlewares/Third_Party/FreeRTOS/Source/tasks.o
                0x00000000080070c0                vTaskSwitchContext
 .text.prvIdleTask
                0x0000000008007184       0x30 ./Middlewares/Third_Party/FreeRTOS/Source/tasks.o
 .text.prvInitialiseTaskLists
                0x00000000080071b4       0x80 ./Middlewares/Third_Party/FreeRTOS/Source/tasks.o
 .text.prvCheckTasksWaitingTermination
                0x0000000008007234       0x5c ./Middlewares/Third_Party/FreeRTOS/Source/tasks.o
 .text.prvDeleteTCB
                0x0000000008007290       0x68 ./Middlewares/Third_Party/FreeRTOS/Source/tasks.o
 .text.prvResetNextTaskUnblockTime
                0x00000000080072f8       0x40 ./Middlewares/Third_Party/FreeRTOS/Source/tasks.o
 .text.prvAddCurrentTaskToDelayedList
                0x0000000008007338       0xcc ./Middlewares/Third_Party/FreeRTOS/Source/tasks.o
 .text.pxPortInitialiseStack
                0x0000000008007404       0x68 ./Middlewares/Third_Party/FreeRTOS/Source/portable/GCC/ARM_CM4F/port.o
                0x0000000008007404                pxPortInitialiseStack
 .text.prvTaskExitError
                0x000000000800746c       0x58 ./Middlewares/Third_Party/FreeRTOS/Source/portable/GCC/ARM_CM4F/port.o
 *fill*         0x00000000080074c4        0xc 
 .text.SVC_Handler
                0x00000000080074d0       0x28 ./Middlewares/Third_Party/FreeRTOS/Source/portable/GCC/ARM_CM4F/port.o
                0x00000000080074d0                SVC_Handler
 .text.prvPortStartFirstTask
                0x00000000080074f8       0x28 ./Middlewares/Third_Party/FreeRTOS/Source/portable/GCC/ARM_CM4F/port.o
 .text.xPortStartScheduler
                0x0000000008007520      0x144 ./Middlewares/Third_Party/FreeRTOS/Source/portable/GCC/ARM_CM4F/port.o
                0x0000000008007520                xPortStartScheduler
 .text.vPortEnterCritical
                0x0000000008007664       0x60 ./Middlewares/Third_Party/FreeRTOS/Source/portable/GCC/ARM_CM4F/port.o
                0x0000000008007664                vPortEnterCritical
 .text.vPortExitCritical
                0x00000000080076c4       0x54 ./Middlewares/Third_Party/FreeRTOS/Source/portable/GCC/ARM_CM4F/port.o
                0x00000000080076c4                vPortExitCritical
 *fill*         0x0000000008007718        0x8 
 .text.PendSV_Handler
                0x0000000008007720       0x68 ./Middlewares/Third_Party/FreeRTOS/Source/portable/GCC/ARM_CM4F/port.o
                0x0000000008007720                PendSV_Handler
 .text.SysTick_Handler
                0x0000000008007788       0x44 ./Middlewares/Third_Party/FreeRTOS/Source/portable/GCC/ARM_CM4F/port.o
                0x0000000008007788                SysTick_Handler
 .text.vPortSetupTimerInterrupt
                0x00000000080077cc       0x48 ./Middlewares/Third_Party/FreeRTOS/Source/portable/GCC/ARM_CM4F/port.o
                0x00000000080077cc                vPortSetupTimerInterrupt
 .text.vPortEnableVFP
                0x0000000008007814       0x14 ./Middlewares/Third_Party/FreeRTOS/Source/portable/GCC/ARM_CM4F/port.o
 .text.pvPortMalloc
                0x0000000008007828      0x198 ./Middlewares/Third_Party/FreeRTOS/Source/portable/MemMang/heap_4.o
                0x0000000008007828                pvPortMalloc
 .text.vPortFree
                0x00000000080079c0       0xc4 ./Middlewares/Third_Party/FreeRTOS/Source/portable/MemMang/heap_4.o
                0x00000000080079c0                vPortFree
 .text.prvHeapInit
                0x0000000008007a84       0xc4 ./Middlewares/Third_Party/FreeRTOS/Source/portable/MemMang/heap_4.o
 .text.prvInsertBlockIntoFreeList
                0x0000000008007b48       0xb4 ./Middlewares/Third_Party/FreeRTOS/Source/portable/MemMang/heap_4.o
 .text.__errno  0x0000000008007bfc        0xc c:/st/stm32cubeide_1.11.2/stm32cubeide/plugins/com.st.stm32cube.ide.mcu.externaltools.gnu-tools-for-stm32.10.3-2021.10.win32_1.0.100.202210260954/tools/bin/../lib/gcc/arm-none-eabi/10.3.1/../../../../arm-none-eabi/lib/thumb/v7e-m+fp/hard\libc_nano.a(lib_a-errno.o)
                0x0000000008007bfc                __errno
 .text.__libc_init_array
                0x0000000008007c08       0x48 c:/st/stm32cubeide_1.11.2/stm32cubeide/plugins/com.st.stm32cube.ide.mcu.externaltools.gnu-tools-for-stm32.10.3-2021.10.win32_1.0.100.202210260954/tools/bin/../lib/gcc/arm-none-eabi/10.3.1/../../../../arm-none-eabi/lib/thumb/v7e-m+fp/hard\libc_nano.a(lib_a-init.o)
                0x0000000008007c08                __libc_init_array
 .text.__retarget_lock_acquire_recursive
                0x0000000008007c50        0x2 c:/st/stm32cubeide_1.11.2/stm32cubeide/plugins/com.st.stm32cube.ide.mcu.externaltools.gnu-tools-for-stm32.10.3-2021.10.win32_1.0.100.202210260954/tools/bin/../lib/gcc/arm-none-eabi/10.3.1/../../../../arm-none-eabi/lib/thumb/v7e-m+fp/hard\libc_nano.a(lib_a-lock.o)
                0x0000000008007c50                __retarget_lock_acquire_recursive
 .text.__retarget_lock_release_recursive
                0x0000000008007c52        0x2 c:/st/stm32cubeide_1.11.2/stm32cubeide/plugins/com.st.stm32cube.ide.mcu.externaltools.gnu-tools-for-stm32.10.3-2021.10.win32_1.0.100.202210260954/tools/bin/../lib/gcc/arm-none-eabi/10.3.1/../../../../arm-none-eabi/lib/thumb/v7e-m+fp/hard\libc_nano.a(lib_a-lock.o)
                0x0000000008007c52                __retarget_lock_release_recursive
 .text.memcpy   0x0000000008007c54       0x1c c:/st/stm32cubeide_1.11.2/stm32cubeide/plugins/com.st.stm32cube.ide.mcu.externaltools.gnu-tools-for-stm32.10.3-2021.10.win32_1.0.100.202210260954/tools/bin/../lib/gcc/arm-none-eabi/10.3.1/../../../../arm-none-eabi/lib/thumb/v7e-m+fp/hard\libc_nano.a(lib_a-memcpy-stub.o)
                0x0000000008007c54                memcpy
 .text.memset   0x0000000008007c70       0x10 c:/st/stm32cubeide_1.11.2/stm32cubeide/plugins/com.st.stm32cube.ide.mcu.externaltools.gnu-tools-for-stm32.10.3-2021.10.win32_1.0.100.202210260954/tools/bin/../lib/gcc/arm-none-eabi/10.3.1/../../../../arm-none-eabi/lib/thumb/v7e-m+fp/hard\libc_nano.a(lib_a-memset.o)
                0x0000000008007c70                memset
 .text.sbrk_aligned
                0x0000000008007c80       0x40 c:/st/stm32cubeide_1.11.2/stm32cubeide/plugins/com.st.stm32cube.ide.mcu.externaltools.gnu-tools-for-stm32.10.3-2021.10.win32_1.0.100.202210260954/tools/bin/../lib/gcc/arm-none-eabi/10.3.1/../../../../arm-none-eabi/lib/thumb/v7e-m+fp/hard\libc_nano.a(lib_a-nano-mallocr.o)
 .text._malloc_r
                0x0000000008007cc0       0xe8 c:/st/stm32cubeide_1.11.2/stm32cubeide/plugins/com.st.stm32cube.ide.mcu.externaltools.gnu-tools-for-stm32.10.3-2021.10.win32_1.0.100.202210260954/tools/bin/../lib/gcc/arm-none-eabi/10.3.1/../../../../arm-none-eabi/lib/thumb/v7e-m+fp/hard\libc_nano.a(lib_a-nano-mallocr.o)
                0x0000000008007cc0                _malloc_r
 .text.cleanup_glue
                0x0000000008007da8       0x1a c:/st/stm32cubeide_1.11.2/stm32cubeide/plugins/com.st.stm32cube.ide.mcu.externaltools.gnu-tools-for-stm32.10.3-2021.10.win32_1.0.100.202210260954/tools/bin/../lib/gcc/arm-none-eabi/10.3.1/../../../../arm-none-eabi/lib/thumb/v7e-m+fp/hard\libc_nano.a(lib_a-reent.o)
                0x0000000008007da8                cleanup_glue
 *fill*         0x0000000008007dc2        0x2 
 .text._reclaim_reent
                0x0000000008007dc4       0xb8 c:/st/stm32cubeide_1.11.2/stm32cubeide/plugins/com.st.stm32cube.ide.mcu.externaltools.gnu-tools-for-stm32.10.3-2021.10.win32_1.0.100.202210260954/tools/bin/../lib/gcc/arm-none-eabi/10.3.1/../../../../arm-none-eabi/lib/thumb/v7e-m+fp/hard\libc_nano.a(lib_a-reent.o)
                0x0000000008007dc4                _reclaim_reent
 .text._sbrk_r  0x0000000008007e7c       0x20 c:/st/stm32cubeide_1.11.2/stm32cubeide/plugins/com.st.stm32cube.ide.mcu.externaltools.gnu-tools-for-stm32.10.3-2021.10.win32_1.0.100.202210260954/tools/bin/../lib/gcc/arm-none-eabi/10.3.1/../../../../arm-none-eabi/lib/thumb/v7e-m+fp/hard\libc_nano.a(lib_a-sbrkr.o)
                0x0000000008007e7c                _sbrk_r
 .text.snprintf
                0x0000000008007e9c       0x68 c:/st/stm32cubeide_1.11.2/stm32cubeide/plugins/com.st.stm32cube.ide.mcu.externaltools.gnu-tools-for-stm32.10.3-2021.10.win32_1.0.100.202210260954/tools/bin/../lib/gcc/arm-none-eabi/10.3.1/../../../../arm-none-eabi/lib/thumb/v7e-m+fp/hard\libc_nano.a(lib_a-snprintf.o)
                0x0000000008007e9c                sniprintf
                0x0000000008007e9c                snprintf
 .text.__malloc_lock
                0x0000000008007f04        0xc c:/st/stm32cubeide_1.11.2/stm32cubeide/plugins/com.st.stm32cube.ide.mcu.externaltools.gnu-tools-for-stm32.10.3-2021.10.win32_1.0.100.202210260954/tools/bin/../lib/gcc/arm-none-eabi/10.3.1/../../../../arm-none-eabi/lib/thumb/v7e-m+fp/hard\libc_nano.a(lib_a-mlock.o)
                0x0000000008007f04                __malloc_lock
 .text.__malloc_unlock
                0x0000000008007f10        0xc c:/st/stm32cubeide_1.11.2/stm32cubeide/plugins/com.st.stm32cube.ide.mcu.externaltools.gnu-tools-for-stm32.10.3-2021.10.win32_1.0.100.202210260954/tools/bin/../lib/gcc/arm-none-eabi/10.3.1/../../../../arm-none-eabi/lib/thumb/v7e-m+fp/hard\libc_nano.a(lib_a-mlock.o)
                0x0000000008007f10                __malloc_unlock
 .text._free_r  0x0000000008007f1c       0x98 c:/st/stm32cubeide_1.11.2/stm32cubeide/plugins/com.st.stm32cube.ide.mcu.externaltools.gnu-tools-for-stm32.10.3-2021.10.win32_1.0.100.202210260954/tools/bin/../lib/gcc/arm-none-eabi/10.3.1/../../../../arm-none-eabi/lib/thumb/v7e-m+fp/hard\libc_nano.a(lib_a-nano-freer.o)
                0x0000000008007f1c                _free_r
 .text.__ssputs_r
                0x0000000008007fb4       0xb6 c:/st/stm32cubeide_1.11.2/stm32cubeide/plugins/com.st.stm32cube.ide.mcu.externaltools.gnu-tools-for-stm32.10.3-2021.10.win32_1.0.100.202210260954/tools/bin/../lib/gcc/arm-none-eabi/10.3.1/../../../../arm-none-eabi/lib/thumb/v7e-m+fp/hard\libc_nano.a(lib_a-nano-svfprintf.o)
                0x0000000008007fb4                __ssputs_r
 *fill*         0x000000000800806a        0x2 
 .text._svfprintf_r
                0x000000000800806c      0x200 c:/st/stm32cubeide_1.11.2/stm32cubeide/plugins/com.st.stm32cube.ide.mcu.externaltools.gnu-tools-for-stm32.10.3-2021.10.win32_1.0.100.202210260954/tools/bin/../lib/gcc/arm-none-eabi/10.3.1/../../../../arm-none-eabi/lib/thumb/v7e-m+fp/hard\libc_nano.a(lib_a-nano-svfprintf.o)
                0x000000000800806c                _svfiprintf_r
                0x000000000800806c                _svfprintf_r
 .text._printf_common
                0x000000000800826c       0xda c:/st/stm32cubeide_1.11.2/stm32cubeide/plugins/com.st.stm32cube.ide.mcu.externaltools.gnu-tools-for-stm32.10.3-2021.10.win32_1.0.100.202210260954/tools/bin/../lib/gcc/arm-none-eabi/10.3.1/../../../../arm-none-eabi/lib/thumb/v7e-m+fp/hard\libc_nano.a(lib_a-nano-vfprintf_i.o)
                0x000000000800826c                _printf_common
 *fill*         0x0000000008008346        0x2 
 .text._printf_i
                0x0000000008008348      0x24c c:/st/stm32cubeide_1.11.2/stm32cubeide/plugins/com.st.stm32cube.ide.mcu.externaltools.gnu-tools-for-stm32.10.3-2021.10.win32_1.0.100.202210260954/tools/bin/../lib/gcc/arm-none-eabi/10.3.1/../../../../arm-none-eabi/lib/thumb/v7e-m+fp/hard\libc_nano.a(lib_a-nano-vfprintf_i.o)
                0x0000000008008348                _printf_i
 .text.memmove  0x0000000008008594       0x34 c:/st/stm32cubeide_1.11.2/stm32cubeide/plugins/com.st.stm32cube.ide.mcu.externaltools.gnu-tools-for-stm32.10.3-2021.10.win32_1.0.100.202210260954/tools/bin/../lib/gcc/arm-none-eabi/10.3.1/../../../../arm-none-eabi/lib/thumb/v7e-m+fp/hard\libc_nano.a(lib_a-memmove.o)
                0x0000000008008594                memmove
 .text._realloc_r
                0x00000000080085c8       0x5e c:/st/stm32cubeide_1.11.2/stm32cubeide/plugins/com.st.stm32cube.ide.mcu.externaltools.gnu-tools-for-stm32.10.3-2021.10.win32_1.0.100.202210260954/tools/bin/../lib/gcc/arm-none-eabi/10.3.1/../../../../arm-none-eabi/lib/thumb/v7e-m+fp/hard\libc_nano.a(lib_a-nano-reallocr.o)
                0x00000000080085c8                _realloc_r
 .text._malloc_usable_size_r
                0x0000000008008626       0x10 c:/st/stm32cubeide_1.11.2/stm32cubeide/plugins/com.st.stm32cube.ide.mcu.externaltools.gnu-tools-for-stm32.10.3-2021.10.win32_1.0.100.202210260954/tools/bin/../lib/gcc/arm-none-eabi/10.3.1/../../../../arm-none-eabi/lib/thumb/v7e-m+fp/hard\libc_nano.a(lib_a-nano-msizer.o)
                0x0000000008008626                _malloc_usable_size_r
 *fill*         0x0000000008008636        0x2 
 .text.trunc    0x0000000008008638       0x64 c:/st/stm32cubeide_1.11.2/stm32cubeide/plugins/com.st.stm32cube.ide.mcu.externaltools.gnu-tools-for-stm32.10.3-2021.10.win32_1.0.100.202210260954/tools/bin/../lib/gcc/arm-none-eabi/10.3.1/../../../../arm-none-eabi/lib/thumb/v7e-m+fp/hard\libm.a(lib_a-s_trunc.o)
                0x0000000008008638                trunc
 *(.glue_7)
 .glue_7        0x000000000800869c        0x0 linker stubs
 *(.glue_7t)
 .glue_7t       0x000000000800869c        0x0 linker stubs
 *(.eh_frame)
 .eh_frame      0x000000000800869c        0x0 c:/st/stm32cubeide_1.11.2/stm32cubeide/plugins/com.st.stm32cube.ide.mcu.externaltools.gnu-tools-for-stm32.10.3-2021.10.win32_1.0.100.202210260954/tools/bin/../lib/gcc/arm-none-eabi/10.3.1/thumb/v7e-m+fp/hard/crtbegin.o
 *(.init)
 .init          0x000000000800869c        0x4 c:/st/stm32cubeide_1.11.2/stm32cubeide/plugins/com.st.stm32cube.ide.mcu.externaltools.gnu-tools-for-stm32.10.3-2021.10.win32_1.0.100.202210260954/tools/bin/../lib/gcc/arm-none-eabi/10.3.1/thumb/v7e-m+fp/hard/crti.o
                0x000000000800869c                _init
 .init          0x00000000080086a0        0x8 c:/st/stm32cubeide_1.11.2/stm32cubeide/plugins/com.st.stm32cube.ide.mcu.externaltools.gnu-tools-for-stm32.10.3-2021.10.win32_1.0.100.202210260954/tools/bin/../lib/gcc/arm-none-eabi/10.3.1/thumb/v7e-m+fp/hard/crtn.o
 *(.fini)
 .fini          0x00000000080086a8        0x4 c:/st/stm32cubeide_1.11.2/stm32cubeide/plugins/com.st.stm32cube.ide.mcu.externaltools.gnu-tools-for-stm32.10.3-2021.10.win32_1.0.100.202210260954/tools/bin/../lib/gcc/arm-none-eabi/10.3.1/thumb/v7e-m+fp/hard/crti.o
                0x00000000080086a8                _fini
 .fini          0x00000000080086ac        0x8 c:/st/stm32cubeide_1.11.2/stm32cubeide/plugins/com.st.stm32cube.ide.mcu.externaltools.gnu-tools-for-stm32.10.3-2021.10.win32_1.0.100.202210260954/tools/bin/../lib/gcc/arm-none-eabi/10.3.1/thumb/v7e-m+fp/hard/crtn.o
                0x00000000080086b4                . = ALIGN (0x4)
                0x00000000080086b4                _etext = .

.vfp11_veneer   0x00000000080086b4        0x0
 .vfp11_veneer  0x00000000080086b4        0x0 linker stubs

.v4_bx          0x00000000080086b4        0x0
 .v4_bx         0x00000000080086b4        0x0 linker stubs

.iplt           0x00000000080086b4        0x0
 .iplt          0x00000000080086b4        0x0 c:/st/stm32cubeide_1.11.2/stm32cubeide/plugins/com.st.stm32cube.ide.mcu.externaltools.gnu-tools-for-stm32.10.3-2021.10.win32_1.0.100.202210260954/tools/bin/../lib/gcc/arm-none-eabi/10.3.1/thumb/v7e-m+fp/hard/crtbegin.o

.rodata         0x00000000080086b4      0x124
                0x00000000080086b4                . = ALIGN (0x4)
 *(.rodata)
 .rodata        0x00000000080086b4       0x40 ./Core/Src/main.o
 .rodata        0x00000000080086f4        0x5 ./Middlewares/Third_Party/FreeRTOS/Source/tasks.o
 *(.rodata*)
 *fill*         0x00000000080086f9        0x3 
 .rodata.AHBPrescTable
                0x00000000080086fc       0x10 ./Core/Src/system_stm32l4xx.o
                0x00000000080086fc                AHBPrescTable
 .rodata.APBPrescTable
                0x000000000800870c        0x8 ./Core/Src/system_stm32l4xx.o
                0x000000000800870c                APBPrescTable
 .rodata.MSIRangeTable
                0x0000000008008714       0x30 ./Core/Src/system_stm32l4xx.o
                0x0000000008008714                MSIRangeTable
 .rodata.__sf_fake_stderr
                0x0000000008008744       0x20 c:/st/stm32cubeide_1.11.2/stm32cubeide/plugins/com.st.stm32cube.ide.mcu.externaltools.gnu-tools-for-stm32.10.3-2021.10.win32_1.0.100.202210260954/tools/bin/../lib/gcc/arm-none-eabi/10.3.1/../../../../arm-none-eabi/lib/thumb/v7e-m+fp/hard\libc_nano.a(lib_a-findfp.o)
                0x0000000008008744                __sf_fake_stderr
 .rodata.__sf_fake_stdin
                0x0000000008008764       0x20 c:/st/stm32cubeide_1.11.2/stm32cubeide/plugins/com.st.stm32cube.ide.mcu.externaltools.gnu-tools-for-stm32.10.3-2021.10.win32_1.0.100.202210260954/tools/bin/../lib/gcc/arm-none-eabi/10.3.1/../../../../arm-none-eabi/lib/thumb/v7e-m+fp/hard\libc_nano.a(lib_a-findfp.o)
                0x0000000008008764                __sf_fake_stdin
 .rodata.__sf_fake_stdout
                0x0000000008008784       0x20 c:/st/stm32cubeide_1.11.2/stm32cubeide/plugins/com.st.stm32cube.ide.mcu.externaltools.gnu-tools-for-stm32.10.3-2021.10.win32_1.0.100.202210260954/tools/bin/../lib/gcc/arm-none-eabi/10.3.1/../../../../arm-none-eabi/lib/thumb/v7e-m+fp/hard\libc_nano.a(lib_a-findfp.o)
                0x0000000008008784                __sf_fake_stdout
 .rodata._svfprintf_r.str1.1
                0x00000000080087a4       0x11 c:/st/stm32cubeide_1.11.2/stm32cubeide/plugins/com.st.stm32cube.ide.mcu.externaltools.gnu-tools-for-stm32.10.3-2021.10.win32_1.0.100.202210260954/tools/bin/../lib/gcc/arm-none-eabi/10.3.1/../../../../arm-none-eabi/lib/thumb/v7e-m+fp/hard\libc_nano.a(lib_a-nano-svfprintf.o)
 .rodata._printf_i.str1.1
                0x00000000080087b5       0x22 c:/st/stm32cubeide_1.11.2/stm32cubeide/plugins/com.st.stm32cube.ide.mcu.externaltools.gnu-tools-for-stm32.10.3-2021.10.win32_1.0.100.202210260954/tools/bin/../lib/gcc/arm-none-eabi/10.3.1/../../../../arm-none-eabi/lib/thumb/v7e-m+fp/hard\libc_nano.a(lib_a-nano-vfprintf_i.o)
                0x00000000080087d8                . = ALIGN (0x4)
 *fill*         0x00000000080087d7        0x1 

.ARM.extab      0x00000000080087d8        0x0
                0x00000000080087d8                . = ALIGN (0x4)
 *(.ARM.extab* .gnu.linkonce.armextab.*)
                0x00000000080087d8                . = ALIGN (0x4)

.ARM            0x00000000080087d8        0x8
                0x00000000080087d8                . = ALIGN (0x4)
                0x00000000080087d8                __exidx_start = .
 *(.ARM.exidx*)
 .ARM.exidx     0x00000000080087d8        0x8 c:/st/stm32cubeide_1.11.2/stm32cubeide/plugins/com.st.stm32cube.ide.mcu.externaltools.gnu-tools-for-stm32.10.3-2021.10.win32_1.0.100.202210260954/tools/bin/../lib/gcc/arm-none-eabi/10.3.1/thumb/v7e-m+fp/hard\libgcc.a(_udivmoddi4.o)
                0x00000000080087e0                __exidx_end = .
                0x00000000080087e0                . = ALIGN (0x4)

.rel.dyn        0x00000000080087e0        0x0
 .rel.iplt      0x00000000080087e0        0x0 c:/st/stm32cubeide_1.11.2/stm32cubeide/plugins/com.st.stm32cube.ide.mcu.externaltools.gnu-tools-for-stm32.10.3-2021.10.win32_1.0.100.202210260954/tools/bin/../lib/gcc/arm-none-eabi/10.3.1/thumb/v7e-m+fp/hard/crtbegin.o

.preinit_array  0x00000000080087e0        0x0
                0x00000000080087e0                . = ALIGN (0x4)
                0x00000000080087e0                PROVIDE (__preinit_array_start = .)
 *(.preinit_array*)
                0x00000000080087e0                PROVIDE (__preinit_array_end = .)
                0x00000000080087e0                . = ALIGN (0x4)

.init_array     0x00000000080087e0        0x4
                0x00000000080087e0                . = ALIGN (0x4)
                0x00000000080087e0                PROVIDE (__init_array_start = .)
 *(SORT_BY_NAME(.init_array.*))
 *(.init_array*)
 .init_array    0x00000000080087e0        0x4 c:/st/stm32cubeide_1.11.2/stm32cubeide/plugins/com.st.stm32cube.ide.mcu.externaltools.gnu-tools-for-stm32.10.3-2021.10.win32_1.0.100.202210260954/tools/bin/../lib/gcc/arm-none-eabi/10.3.1/thumb/v7e-m+fp/hard/crtbegin.o
                0x00000000080087e4                PROVIDE (__init_array_end = .)
                0x00000000080087e4                . = ALIGN (0x4)

.fini_array     0x00000000080087e4        0x4
                0x00000000080087e4                . = ALIGN (0x4)
                [!provide]                        PROVIDE (__fini_array_start = .)
 *(SORT_BY_NAME(.fini_array.*))
 *(.fini_array*)
 .fini_array    0x00000000080087e4        0x4 c:/st/stm32cubeide_1.11.2/stm32cubeide/plugins/com.st.stm32cube.ide.mcu.externaltools.gnu-tools-for-stm32.10.3-2021.10.win32_1.0.100.202210260954/tools/bin/../lib/gcc/arm-none-eabi/10.3.1/thumb/v7e-m+fp/hard/crtbegin.o
                [!provide]                        PROVIDE (__fini_array_end = .)
                0x00000000080087e8                . = ALIGN (0x4)
                0x00000000080087e8                _sidata = LOADADDR (.data)

.data           0x0000000020000000      0x114 load address 0x00000000080087e8
                0x0000000020000000                . = ALIGN (0x4)
                0x0000000020000000                _sdata = .
 *(.data)
 *(.data*)
 .data.mag1     0x0000000020000000       0x30 ./Core/Src/main.o
                0x0000000020000000                mag1
 .data.mag2     0x0000000020000030       0x2f ./Core/Src/main.o
                0x0000000020000030                mag2
 *fill*         0x000000002000005f        0x1 
 .data.mag3     0x0000000020000060       0x30 ./Core/Src/main.o
                0x0000000020000060                mag3
 .data.SystemCoreClock
                0x0000000020000090        0x4 ./Core/Src/system_stm32l4xx.o
                0x0000000020000090                SystemCoreClock
 .data.HTS221_T_Drv
                0x0000000020000094       0x10 ./Drivers/BSP/Components/hts221/hts221.o
                0x0000000020000094                HTS221_T_Drv
 .data.uwTickPrio
                0x00000000200000a4        0x4 ./Drivers/STM32L4xx_HAL_Driver/Src/stm32l4xx_hal.o
                0x00000000200000a4                uwTickPrio
 .data.uwTickFreq
                0x00000000200000a8        0x1 ./Drivers/STM32L4xx_HAL_Driver/Src/stm32l4xx_hal.o
                0x00000000200000a8                uwTickFreq
 *fill*         0x00000000200000a9        0x3 
 .data.uxCriticalNesting
                0x00000000200000ac        0x4 ./Middlewares/Third_Party/FreeRTOS/Source/portable/GCC/ARM_CM4F/port.o
 .data._impure_ptr
                0x00000000200000b0        0x4 c:/st/stm32cubeide_1.11.2/stm32cubeide/plugins/com.st.stm32cube.ide.mcu.externaltools.gnu-tools-for-stm32.10.3-2021.10.win32_1.0.100.202210260954/tools/bin/../lib/gcc/arm-none-eabi/10.3.1/../../../../arm-none-eabi/lib/thumb/v7e-m+fp/hard\libc_nano.a(lib_a-impure.o)
                0x00000000200000b0                _impure_ptr
 .data.impure_data
                0x00000000200000b4       0x60 c:/st/stm32cubeide_1.11.2/stm32cubeide/plugins/com.st.stm32cube.ide.mcu.externaltools.gnu-tools-for-stm32.10.3-2021.10.win32_1.0.100.202210260954/tools/bin/../lib/gcc/arm-none-eabi/10.3.1/../../../../arm-none-eabi/lib/thumb/v7e-m+fp/hard\libc_nano.a(lib_a-impure.o)
 *(.RamFunc)
 *(.RamFunc*)
                0x0000000020000114                . = ALIGN (0x4)
                0x0000000020000114                _edata = .

.igot.plt       0x0000000020000114        0x0 load address 0x00000000080088fc
 .igot.plt      0x0000000020000114        0x0 c:/st/stm32cubeide_1.11.2/stm32cubeide/plugins/com.st.stm32cube.ide.mcu.externaltools.gnu-tools-for-stm32.10.3-2021.10.win32_1.0.100.202210260954/tools/bin/../lib/gcc/arm-none-eabi/10.3.1/thumb/v7e-m+fp/hard/crtbegin.o
                0x0000000020000114                . = ALIGN (0x4)

.bss            0x0000000020000114     0x1874 load address 0x00000000080088fc
                0x0000000020000114                _sbss = .
                0x0000000020000114                __bss_start__ = _sbss
 *(.bss)
 .bss           0x0000000020000114       0x1c c:/st/stm32cubeide_1.11.2/stm32cubeide/plugins/com.st.stm32cube.ide.mcu.externaltools.gnu-tools-for-stm32.10.3-2021.10.win32_1.0.100.202210260954/tools/bin/../lib/gcc/arm-none-eabi/10.3.1/thumb/v7e-m+fp/hard/crtbegin.o
 *(.bss*)
 .bss.xIdleTaskTCBBuffer
                0x0000000020000130       0xb4 ./Core/Src/freertos.o
 .bss.xIdleStack
                0x00000000200001e4      0x200 ./Core/Src/freertos.o
 .bss.hdfsdm1_channel1
                0x00000000200003e4       0x38 ./Core/Src/main.o
                0x00000000200003e4                hdfsdm1_channel1
 .bss.hi2c2     0x000000002000041c       0x54 ./Core/Src/main.o
                0x000000002000041c                hi2c2
 .bss.hqspi     0x0000000020000470       0x44 ./Core/Src/main.o
                0x0000000020000470                hqspi
 .bss.hspi3     0x00000000200004b4       0x64 ./Core/Src/main.o
                0x00000000200004b4                hspi3
 .bss.huart1    0x0000000020000518       0x84 ./Core/Src/main.o
                0x0000000020000518                huart1
 .bss.huart3    0x000000002000059c       0x84 ./Core/Src/main.o
                0x000000002000059c                huart3
 .bss.hpcd_USB_OTG_FS
                0x0000000020000620      0x50c ./Core/Src/main.o
                0x0000000020000620                hpcd_USB_OTG_FS
 .bss.defaultTaskHandle
                0x0000000020000b2c        0x4 ./Core/Src/main.o
                0x0000000020000b2c                defaultTaskHandle
 .bss.temp_value
                0x0000000020000b30        0x4 ./Core/Src/main.o
                0x0000000020000b30                temp_value
 .bss.str_tmp   0x0000000020000b34       0x64 ./Core/Src/main.o
                0x0000000020000b34                str_tmp
 .bss.DFSDM1_Init
                0x0000000020000b98        0x4 ./Core/Src/stm32l4xx_hal_msp.o
 .bss.htim1     0x0000000020000b9c       0x4c ./Core/Src/stm32l4xx_hal_timebase_tim.o
                0x0000000020000b9c                htim1
 .bss.__sbrk_heap_end
                0x0000000020000be8        0x4 ./Core/Src/sysmem.o
 .bss.hI2cHandler
                0x0000000020000bec       0x54 ./Drivers/BSP/B-L475E-IOT01/stm32l475e_iot01.o
                0x0000000020000bec                hI2cHandler
 .bss.tsensor_drv
                0x0000000020000c40        0x4 ./Drivers/BSP/B-L475E-IOT01/stm32l475e_iot01_tsensor.o
 .bss.uwTick    0x0000000020000c44        0x4 ./Drivers/STM32L4xx_HAL_Driver/Src/stm32l4xx_hal.o
                0x0000000020000c44                uwTick
 .bss.v_dfsdm1ChannelCounter
                0x0000000020000c48        0x4 ./Drivers/STM32L4xx_HAL_Driver/Src/stm32l4xx_hal_dfsdm.o
 .bss.a_dfsdm1ChannelHandle
                0x0000000020000c4c       0x20 ./Drivers/STM32L4xx_HAL_Driver/Src/stm32l4xx_hal_dfsdm.o
 .bss.pxCurrentTCB
                0x0000000020000c6c        0x4 ./Middlewares/Third_Party/FreeRTOS/Source/tasks.o
                0x0000000020000c6c                pxCurrentTCB
 .bss.pxReadyTasksLists
                0x0000000020000c70       0x8c ./Middlewares/Third_Party/FreeRTOS/Source/tasks.o
 .bss.xDelayedTaskList1
                0x0000000020000cfc       0x14 ./Middlewares/Third_Party/FreeRTOS/Source/tasks.o
 .bss.xDelayedTaskList2
                0x0000000020000d10       0x14 ./Middlewares/Third_Party/FreeRTOS/Source/tasks.o
 .bss.pxDelayedTaskList
                0x0000000020000d24        0x4 ./Middlewares/Third_Party/FreeRTOS/Source/tasks.o
 .bss.pxOverflowDelayedTaskList
                0x0000000020000d28        0x4 ./Middlewares/Third_Party/FreeRTOS/Source/tasks.o
 .bss.xPendingReadyList
                0x0000000020000d2c       0x14 ./Middlewares/Third_Party/FreeRTOS/Source/tasks.o
 .bss.xTasksWaitingTermination
                0x0000000020000d40       0x14 ./Middlewares/Third_Party/FreeRTOS/Source/tasks.o
 .bss.uxDeletedTasksWaitingCleanUp
                0x0000000020000d54        0x4 ./Middlewares/Third_Party/FreeRTOS/Source/tasks.o
 .bss.xSuspendedTaskList
                0x0000000020000d58       0x14 ./Middlewares/Third_Party/FreeRTOS/Source/tasks.o
 .bss.uxCurrentNumberOfTasks
                0x0000000020000d6c        0x4 ./Middlewares/Third_Party/FreeRTOS/Source/tasks.o
 .bss.xTickCount
                0x0000000020000d70        0x4 ./Middlewares/Third_Party/FreeRTOS/Source/tasks.o
 .bss.uxTopReadyPriority
                0x0000000020000d74        0x4 ./Middlewares/Third_Party/FreeRTOS/Source/tasks.o
 .bss.xSchedulerRunning
                0x0000000020000d78        0x4 ./Middlewares/Third_Party/FreeRTOS/Source/tasks.o
 .bss.xPendedTicks
                0x0000000020000d7c        0x4 ./Middlewares/Third_Party/FreeRTOS/Source/tasks.o
 .bss.xYieldPending
                0x0000000020000d80        0x4 ./Middlewares/Third_Party/FreeRTOS/Source/tasks.o
 .bss.xNumOfOverflows
                0x0000000020000d84        0x4 ./Middlewares/Third_Party/FreeRTOS/Source/tasks.o
 .bss.uxTaskNumber
                0x0000000020000d88        0x4 ./Middlewares/Third_Party/FreeRTOS/Source/tasks.o
 .bss.xNextTaskUnblockTime
                0x0000000020000d8c        0x4 ./Middlewares/Third_Party/FreeRTOS/Source/tasks.o
 .bss.xIdleTaskHandle
                0x0000000020000d90        0x4 ./Middlewares/Third_Party/FreeRTOS/Source/tasks.o
 .bss.uxSchedulerSuspended
                0x0000000020000d94        0x4 ./Middlewares/Third_Party/FreeRTOS/Source/tasks.o
 .bss.ucMaxSysCallPriority
                0x0000000020000d98        0x1 ./Middlewares/Third_Party/FreeRTOS/Source/portable/GCC/ARM_CM4F/port.o
 *fill*         0x0000000020000d99        0x3 
 .bss.ulMaxPRIGROUPValue
                0x0000000020000d9c        0x4 ./Middlewares/Third_Party/FreeRTOS/Source/portable/GCC/ARM_CM4F/port.o
 .bss.ucHeap    0x0000000020000da0      0xbb8 ./Middlewares/Third_Party/FreeRTOS/Source/portable/MemMang/heap_4.o
 .bss.xStart    0x0000000020001958        0x8 ./Middlewares/Third_Party/FreeRTOS/Source/portable/MemMang/heap_4.o
 .bss.pxEnd     0x0000000020001960        0x4 ./Middlewares/Third_Party/FreeRTOS/Source/portable/MemMang/heap_4.o
 .bss.xFreeBytesRemaining
                0x0000000020001964        0x4 ./Middlewares/Third_Party/FreeRTOS/Source/portable/MemMang/heap_4.o
 .bss.xMinimumEverFreeBytesRemaining
                0x0000000020001968        0x4 ./Middlewares/Third_Party/FreeRTOS/Source/portable/MemMang/heap_4.o
 .bss.xNumberOfSuccessfulAllocations
                0x000000002000196c        0x4 ./Middlewares/Third_Party/FreeRTOS/Source/portable/MemMang/heap_4.o
 .bss.xNumberOfSuccessfulFrees
                0x0000000020001970        0x4 ./Middlewares/Third_Party/FreeRTOS/Source/portable/MemMang/heap_4.o
 .bss.xBlockAllocatedBit
                0x0000000020001974        0x4 ./Middlewares/Third_Party/FreeRTOS/Source/portable/MemMang/heap_4.o
 .bss.__lock___malloc_recursive_mutex
                0x0000000020001978        0x1 c:/st/stm32cubeide_1.11.2/stm32cubeide/plugins/com.st.stm32cube.ide.mcu.externaltools.gnu-tools-for-stm32.10.3-2021.10.win32_1.0.100.202210260954/tools/bin/../lib/gcc/arm-none-eabi/10.3.1/../../../../arm-none-eabi/lib/thumb/v7e-m+fp/hard\libc_nano.a(lib_a-lock.o)
                0x0000000020001978                __lock___malloc_recursive_mutex
 *fill*         0x0000000020001979        0x3 
 .bss.__malloc_free_list
                0x000000002000197c        0x4 c:/st/stm32cubeide_1.11.2/stm32cubeide/plugins/com.st.stm32cube.ide.mcu.externaltools.gnu-tools-for-stm32.10.3-2021.10.win32_1.0.100.202210260954/tools/bin/../lib/gcc/arm-none-eabi/10.3.1/../../../../arm-none-eabi/lib/thumb/v7e-m+fp/hard\libc_nano.a(lib_a-nano-mallocr.o)
                0x000000002000197c                __malloc_free_list
 .bss.__malloc_sbrk_start
                0x0000000020001980        0x4 c:/st/stm32cubeide_1.11.2/stm32cubeide/plugins/com.st.stm32cube.ide.mcu.externaltools.gnu-tools-for-stm32.10.3-2021.10.win32_1.0.100.202210260954/tools/bin/../lib/gcc/arm-none-eabi/10.3.1/../../../../arm-none-eabi/lib/thumb/v7e-m+fp/hard\libc_nano.a(lib_a-nano-mallocr.o)
                0x0000000020001980                __malloc_sbrk_start
 .bss.errno     0x0000000020001984        0x4 c:/st/stm32cubeide_1.11.2/stm32cubeide/plugins/com.st.stm32cube.ide.mcu.externaltools.gnu-tools-for-stm32.10.3-2021.10.win32_1.0.100.202210260954/tools/bin/../lib/gcc/arm-none-eabi/10.3.1/../../../../arm-none-eabi/lib/thumb/v7e-m+fp/hard\libc_nano.a(lib_a-reent.o)
                0x0000000020001984                errno
 *(COMMON)
                0x0000000020001988                . = ALIGN (0x4)
                0x0000000020001988                _ebss = .
                0x0000000020001988                __bss_end__ = _ebss

._user_heap_stack
                0x0000000020001988      0x600 load address 0x00000000080088fc
                0x0000000020001988                . = ALIGN (0x8)
                [!provide]                        PROVIDE (end = .)
                0x0000000020001988                PROVIDE (_end = .)
                0x0000000020001b88                . = (. + _Min_Heap_Size)
 *fill*         0x0000000020001988      0x200 
                0x0000000020001f88                . = (. + _Min_Stack_Size)
 *fill*         0x0000000020001b88      0x400 
                0x0000000020001f88                . = ALIGN (0x8)

/DISCARD/
 libc.a(*)
 libm.a(*)
 libgcc.a(*)

.ARM.attributes
                0x0000000000000000       0x30
 *(.ARM.attributes)
 .ARM.attributes
                0x0000000000000000       0x1e c:/st/stm32cubeide_1.11.2/stm32cubeide/plugins/com.st.stm32cube.ide.mcu.externaltools.gnu-tools-for-stm32.10.3-2021.10.win32_1.0.100.202210260954/tools/bin/../lib/gcc/arm-none-eabi/10.3.1/thumb/v7e-m+fp/hard/crti.o
 .ARM.attributes
                0x000000000000001e       0x34 c:/st/stm32cubeide_1.11.2/stm32cubeide/plugins/com.st.stm32cube.ide.mcu.externaltools.gnu-tools-for-stm32.10.3-2021.10.win32_1.0.100.202210260954/tools/bin/../lib/gcc/arm-none-eabi/10.3.1/thumb/v7e-m+fp/hard/crtbegin.o
 .ARM.attributes
                0x0000000000000052       0x34 ./Core/Src/freertos.o
 .ARM.attributes
                0x0000000000000086       0x34 ./Core/Src/main.o
 .ARM.attributes
                0x00000000000000ba       0x34 ./Core/Src/stm32l4xx_hal_msp.o
 .ARM.attributes
                0x00000000000000ee       0x34 ./Core/Src/stm32l4xx_hal_timebase_tim.o
 .ARM.attributes
                0x0000000000000122       0x34 ./Core/Src/stm32l4xx_it.o
 .ARM.attributes
                0x0000000000000156       0x34 ./Core/Src/sysmem.o
 .ARM.attributes
                0x000000000000018a       0x34 ./Core/Src/system_stm32l4xx.o
 .ARM.attributes
                0x00000000000001be       0x21 ./Core/Startup/startup_stm32l475vgtx.o
 .ARM.attributes
                0x00000000000001df       0x34 ./Drivers/BSP/B-L475E-IOT01/stm32l475e_iot01.o
 .ARM.attributes
                0x0000000000000213       0x34 ./Drivers/BSP/B-L475E-IOT01/stm32l475e_iot01_tsensor.o
 .ARM.attributes
                0x0000000000000247       0x34 ./Drivers/BSP/Components/hts221/hts221.o
 .ARM.attributes
                0x000000000000027b       0x34 ./Drivers/STM32L4xx_HAL_Driver/Src/stm32l4xx_hal.o
 .ARM.attributes
                0x00000000000002af       0x34 ./Drivers/STM32L4xx_HAL_Driver/Src/stm32l4xx_hal_cortex.o
 .ARM.attributes
                0x00000000000002e3       0x34 ./Drivers/STM32L4xx_HAL_Driver/Src/stm32l4xx_hal_dfsdm.o
 .ARM.attributes
                0x0000000000000317       0x34 ./Drivers/STM32L4xx_HAL_Driver/Src/stm32l4xx_hal_gpio.o
 .ARM.attributes
                0x000000000000034b       0x34 ./Drivers/STM32L4xx_HAL_Driver/Src/stm32l4xx_hal_i2c.o
 .ARM.attributes
                0x000000000000037f       0x34 ./Drivers/STM32L4xx_HAL_Driver/Src/stm32l4xx_hal_i2c_ex.o
 .ARM.attributes
                0x00000000000003b3       0x34 ./Drivers/STM32L4xx_HAL_Driver/Src/stm32l4xx_hal_pcd.o
 .ARM.attributes
                0x00000000000003e7       0x34 ./Drivers/STM32L4xx_HAL_Driver/Src/stm32l4xx_hal_pcd_ex.o
 .ARM.attributes
                0x000000000000041b       0x34 ./Drivers/STM32L4xx_HAL_Driver/Src/stm32l4xx_hal_pwr.o
 .ARM.attributes
                0x000000000000044f       0x34 ./Drivers/STM32L4xx_HAL_Driver/Src/stm32l4xx_hal_pwr_ex.o
 .ARM.attributes
                0x0000000000000483       0x34 ./Drivers/STM32L4xx_HAL_Driver/Src/stm32l4xx_hal_qspi.o
 .ARM.attributes
                0x00000000000004b7       0x34 ./Drivers/STM32L4xx_HAL_Driver/Src/stm32l4xx_hal_rcc.o
 .ARM.attributes
                0x00000000000004eb       0x34 ./Drivers/STM32L4xx_HAL_Driver/Src/stm32l4xx_hal_rcc_ex.o
 .ARM.attributes
                0x000000000000051f       0x34 ./Drivers/STM32L4xx_HAL_Driver/Src/stm32l4xx_hal_spi.o
 .ARM.attributes
                0x0000000000000553       0x34 ./Drivers/STM32L4xx_HAL_Driver/Src/stm32l4xx_hal_tim.o
 .ARM.attributes
                0x0000000000000587       0x34 ./Drivers/STM32L4xx_HAL_Driver/Src/stm32l4xx_hal_tim_ex.o
 .ARM.attributes
                0x00000000000005bb       0x34 ./Drivers/STM32L4xx_HAL_Driver/Src/stm32l4xx_hal_uart.o
 .ARM.attributes
                0x00000000000005ef       0x34 ./Drivers/STM32L4xx_HAL_Driver/Src/stm32l4xx_ll_usb.o
 .ARM.attributes
                0x0000000000000623       0x34 ./Middlewares/Third_Party/FreeRTOS/Source/CMSIS_RTOS/cmsis_os.o
 .ARM.attributes
                0x0000000000000657       0x34 ./Middlewares/Third_Party/FreeRTOS/Source/list.o
 .ARM.attributes
                0x000000000000068b       0x34 ./Middlewares/Third_Party/FreeRTOS/Source/tasks.o
 .ARM.attributes
                0x00000000000006bf       0x34 ./Middlewares/Third_Party/FreeRTOS/Source/portable/GCC/ARM_CM4F/port.o
 .ARM.attributes
                0x00000000000006f3       0x34 ./Middlewares/Third_Party/FreeRTOS/Source/portable/MemMang/heap_4.o
 .ARM.attributes
                0x0000000000000727       0x34 c:/st/stm32cubeide_1.11.2/stm32cubeide/plugins/com.st.stm32cube.ide.mcu.externaltools.gnu-tools-for-stm32.10.3-2021.10.win32_1.0.100.202210260954/tools/bin/../lib/gcc/arm-none-eabi/10.3.1/../../../../arm-none-eabi/lib/thumb/v7e-m+fp/hard\libc_nano.a(lib_a-errno.o)
 .ARM.attributes
                0x000000000000075b       0x34 c:/st/stm32cubeide_1.11.2/stm32cubeide/plugins/com.st.stm32cube.ide.mcu.externaltools.gnu-tools-for-stm32.10.3-2021.10.win32_1.0.100.202210260954/tools/bin/../lib/gcc/arm-none-eabi/10.3.1/../../../../arm-none-eabi/lib/thumb/v7e-m+fp/hard\libc_nano.a(lib_a-findfp.o)
 .ARM.attributes
                0x000000000000078f       0x34 c:/st/stm32cubeide_1.11.2/stm32cubeide/plugins/com.st.stm32cube.ide.mcu.externaltools.gnu-tools-for-stm32.10.3-2021.10.win32_1.0.100.202210260954/tools/bin/../lib/gcc/arm-none-eabi/10.3.1/../../../../arm-none-eabi/lib/thumb/v7e-m+fp/hard\libc_nano.a(lib_a-impure.o)
 .ARM.attributes
                0x00000000000007c3       0x34 c:/st/stm32cubeide_1.11.2/stm32cubeide/plugins/com.st.stm32cube.ide.mcu.externaltools.gnu-tools-for-stm32.10.3-2021.10.win32_1.0.100.202210260954/tools/bin/../lib/gcc/arm-none-eabi/10.3.1/../../../../arm-none-eabi/lib/thumb/v7e-m+fp/hard\libc_nano.a(lib_a-init.o)
 .ARM.attributes
                0x00000000000007f7       0x34 c:/st/stm32cubeide_1.11.2/stm32cubeide/plugins/com.st.stm32cube.ide.mcu.externaltools.gnu-tools-for-stm32.10.3-2021.10.win32_1.0.100.202210260954/tools/bin/../lib/gcc/arm-none-eabi/10.3.1/../../../../arm-none-eabi/lib/thumb/v7e-m+fp/hard\libc_nano.a(lib_a-lock.o)
 .ARM.attributes
                0x000000000000082b       0x34 c:/st/stm32cubeide_1.11.2/stm32cubeide/plugins/com.st.stm32cube.ide.mcu.externaltools.gnu-tools-for-stm32.10.3-2021.10.win32_1.0.100.202210260954/tools/bin/../lib/gcc/arm-none-eabi/10.3.1/../../../../arm-none-eabi/lib/thumb/v7e-m+fp/hard\libc_nano.a(lib_a-memcpy-stub.o)
 .ARM.attributes
                0x000000000000085f       0x34 c:/st/stm32cubeide_1.11.2/stm32cubeide/plugins/com.st.stm32cube.ide.mcu.externaltools.gnu-tools-for-stm32.10.3-2021.10.win32_1.0.100.202210260954/tools/bin/../lib/gcc/arm-none-eabi/10.3.1/../../../../arm-none-eabi/lib/thumb/v7e-m+fp/hard\libc_nano.a(lib_a-memset.o)
 .ARM.attributes
                0x0000000000000893       0x34 c:/st/stm32cubeide_1.11.2/stm32cubeide/plugins/com.st.stm32cube.ide.mcu.externaltools.gnu-tools-for-stm32.10.3-2021.10.win32_1.0.100.202210260954/tools/bin/../lib/gcc/arm-none-eabi/10.3.1/../../../../arm-none-eabi/lib/thumb/v7e-m+fp/hard\libc_nano.a(lib_a-nano-mallocr.o)
 .ARM.attributes
                0x00000000000008c7       0x34 c:/st/stm32cubeide_1.11.2/stm32cubeide/plugins/com.st.stm32cube.ide.mcu.externaltools.gnu-tools-for-stm32.10.3-2021.10.win32_1.0.100.202210260954/tools/bin/../lib/gcc/arm-none-eabi/10.3.1/../../../../arm-none-eabi/lib/thumb/v7e-m+fp/hard\libc_nano.a(lib_a-reent.o)
 .ARM.attributes
                0x00000000000008fb       0x34 c:/st/stm32cubeide_1.11.2/stm32cubeide/plugins/com.st.stm32cube.ide.mcu.externaltools.gnu-tools-for-stm32.10.3-2021.10.win32_1.0.100.202210260954/tools/bin/../lib/gcc/arm-none-eabi/10.3.1/../../../../arm-none-eabi/lib/thumb/v7e-m+fp/hard\libc_nano.a(lib_a-sbrkr.o)
 .ARM.attributes
                0x000000000000092f       0x34 c:/st/stm32cubeide_1.11.2/stm32cubeide/plugins/com.st.stm32cube.ide.mcu.externaltools.gnu-tools-for-stm32.10.3-2021.10.win32_1.0.100.202210260954/tools/bin/../lib/gcc/arm-none-eabi/10.3.1/../../../../arm-none-eabi/lib/thumb/v7e-m+fp/hard\libc_nano.a(lib_a-snprintf.o)
 .ARM.attributes
                0x0000000000000963       0x34 c:/st/stm32cubeide_1.11.2/stm32cubeide/plugins/com.st.stm32cube.ide.mcu.externaltools.gnu-tools-for-stm32.10.3-2021.10.win32_1.0.100.202210260954/tools/bin/../lib/gcc/arm-none-eabi/10.3.1/../../../../arm-none-eabi/lib/thumb/v7e-m+fp/hard\libc_nano.a(lib_a-mlock.o)
 .ARM.attributes
                0x0000000000000997       0x34 c:/st/stm32cubeide_1.11.2/stm32cubeide/plugins/com.st.stm32cube.ide.mcu.externaltools.gnu-tools-for-stm32.10.3-2021.10.win32_1.0.100.202210260954/tools/bin/../lib/gcc/arm-none-eabi/10.3.1/../../../../arm-none-eabi/lib/thumb/v7e-m+fp/hard\libc_nano.a(lib_a-nano-freer.o)
 .ARM.attributes
                0x00000000000009cb       0x34 c:/st/stm32cubeide_1.11.2/stm32cubeide/plugins/com.st.stm32cube.ide.mcu.externaltools.gnu-tools-for-stm32.10.3-2021.10.win32_1.0.100.202210260954/tools/bin/../lib/gcc/arm-none-eabi/10.3.1/../../../../arm-none-eabi/lib/thumb/v7e-m+fp/hard\libc_nano.a(lib_a-nano-svfprintf.o)
 .ARM.attributes
                0x00000000000009ff       0x34 c:/st/stm32cubeide_1.11.2/stm32cubeide/plugins/com.st.stm32cube.ide.mcu.externaltools.gnu-tools-for-stm32.10.3-2021.10.win32_1.0.100.202210260954/tools/bin/../lib/gcc/arm-none-eabi/10.3.1/../../../../arm-none-eabi/lib/thumb/v7e-m+fp/hard\libc_nano.a(lib_a-nano-vfprintf_i.o)
 .ARM.attributes
                0x0000000000000a33       0x1c c:/st/stm32cubeide_1.11.2/stm32cubeide/plugins/com.st.stm32cube.ide.mcu.externaltools.gnu-tools-for-stm32.10.3-2021.10.win32_1.0.100.202210260954/tools/bin/../lib/gcc/arm-none-eabi/10.3.1/../../../../arm-none-eabi/lib/thumb/v7e-m+fp/hard\libc_nano.a(lib_a-memchr.o)
 .ARM.attributes
                0x0000000000000a4f       0x34 c:/st/stm32cubeide_1.11.2/stm32cubeide/plugins/com.st.stm32cube.ide.mcu.externaltools.gnu-tools-for-stm32.10.3-2021.10.win32_1.0.100.202210260954/tools/bin/../lib/gcc/arm-none-eabi/10.3.1/../../../../arm-none-eabi/lib/thumb/v7e-m+fp/hard\libc_nano.a(lib_a-memmove.o)
 .ARM.attributes
                0x0000000000000a83       0x34 c:/st/stm32cubeide_1.11.2/stm32cubeide/plugins/com.st.stm32cube.ide.mcu.externaltools.gnu-tools-for-stm32.10.3-2021.10.win32_1.0.100.202210260954/tools/bin/../lib/gcc/arm-none-eabi/10.3.1/../../../../arm-none-eabi/lib/thumb/v7e-m+fp/hard\libc_nano.a(lib_a-nano-reallocr.o)
 .ARM.attributes
                0x0000000000000ab7       0x34 c:/st/stm32cubeide_1.11.2/stm32cubeide/plugins/com.st.stm32cube.ide.mcu.externaltools.gnu-tools-for-stm32.10.3-2021.10.win32_1.0.100.202210260954/tools/bin/../lib/gcc/arm-none-eabi/10.3.1/../../../../arm-none-eabi/lib/thumb/v7e-m+fp/hard\libc_nano.a(lib_a-nano-msizer.o)
 .ARM.attributes
                0x0000000000000aeb       0x34 c:/st/stm32cubeide_1.11.2/stm32cubeide/plugins/com.st.stm32cube.ide.mcu.externaltools.gnu-tools-for-stm32.10.3-2021.10.win32_1.0.100.202210260954/tools/bin/../lib/gcc/arm-none-eabi/10.3.1/../../../../arm-none-eabi/lib/thumb/v7e-m+fp/hard\libm.a(lib_a-s_trunc.o)
 .ARM.attributes
                0x0000000000000b1f       0x1e c:/st/stm32cubeide_1.11.2/stm32cubeide/plugins/com.st.stm32cube.ide.mcu.externaltools.gnu-tools-for-stm32.10.3-2021.10.win32_1.0.100.202210260954/tools/bin/../lib/gcc/arm-none-eabi/10.3.1/thumb/v7e-m+fp/hard\libgcc.a(_arm_addsubdf3.o)
 .ARM.attributes
                0x0000000000000b3d       0x1e c:/st/stm32cubeide_1.11.2/stm32cubeide/plugins/com.st.stm32cube.ide.mcu.externaltools.gnu-tools-for-stm32.10.3-2021.10.win32_1.0.100.202210260954/tools/bin/../lib/gcc/arm-none-eabi/10.3.1/thumb/v7e-m+fp/hard\libgcc.a(_arm_fixdfsi.o)
 .ARM.attributes
                0x0000000000000b5b       0x1e c:/st/stm32cubeide_1.11.2/stm32cubeide/plugins/com.st.stm32cube.ide.mcu.externaltools.gnu-tools-for-stm32.10.3-2021.10.win32_1.0.100.202210260954/tools/bin/../lib/gcc/arm-none-eabi/10.3.1/thumb/v7e-m+fp/hard\libgcc.a(_aeabi_uldivmod.o)
 .ARM.attributes
                0x0000000000000b79       0x34 c:/st/stm32cubeide_1.11.2/stm32cubeide/plugins/com.st.stm32cube.ide.mcu.externaltools.gnu-tools-for-stm32.10.3-2021.10.win32_1.0.100.202210260954/tools/bin/../lib/gcc/arm-none-eabi/10.3.1/thumb/v7e-m+fp/hard\libgcc.a(_udivmoddi4.o)
 .ARM.attributes
                0x0000000000000bad       0x1e c:/st/stm32cubeide_1.11.2/stm32cubeide/plugins/com.st.stm32cube.ide.mcu.externaltools.gnu-tools-for-stm32.10.3-2021.10.win32_1.0.100.202210260954/tools/bin/../lib/gcc/arm-none-eabi/10.3.1/thumb/v7e-m+fp/hard\libgcc.a(_dvmd_tls.o)
 .ARM.attributes
                0x0000000000000bcb       0x1e c:/st/stm32cubeide_1.11.2/stm32cubeide/plugins/com.st.stm32cube.ide.mcu.externaltools.gnu-tools-for-stm32.10.3-2021.10.win32_1.0.100.202210260954/tools/bin/../lib/gcc/arm-none-eabi/10.3.1/thumb/v7e-m+fp/hard/crtn.o
OUTPUT(IOT_Sensors.elf elf32-littlearm)
LOAD linker stubs
LOAD c:/st/stm32cubeide_1.11.2/stm32cubeide/plugins/com.st.stm32cube.ide.mcu.externaltools.gnu-tools-for-stm32.10.3-2021.10.win32_1.0.100.202210260954/tools/bin/../lib/gcc/arm-none-eabi/10.3.1/../../../../arm-none-eabi/lib/thumb/v7e-m+fp/hard\libc.a
LOAD c:/st/stm32cubeide_1.11.2/stm32cubeide/plugins/com.st.stm32cube.ide.mcu.externaltools.gnu-tools-for-stm32.10.3-2021.10.win32_1.0.100.202210260954/tools/bin/../lib/gcc/arm-none-eabi/10.3.1/../../../../arm-none-eabi/lib/thumb/v7e-m+fp/hard\libm.a
LOAD c:/st/stm32cubeide_1.11.2/stm32cubeide/plugins/com.st.stm32cube.ide.mcu.externaltools.gnu-tools-for-stm32.10.3-2021.10.win32_1.0.100.202210260954/tools/bin/../lib/gcc/arm-none-eabi/10.3.1/thumb/v7e-m+fp/hard\libgcc.a

.debug_info     0x0000000000000000    0x27056
 .debug_info    0x0000000000000000      0x9b6 ./Core/Src/freertos.o
 .debug_info    0x00000000000009b6     0x30b2 ./Core/Src/main.o
 .debug_info    0x0000000000003a68     0x2292 ./Core/Src/stm32l4xx_hal_msp.o
 .debug_info    0x0000000000005cfa      0xcca ./Core/Src/stm32l4xx_hal_timebase_tim.o
 .debug_info    0x00000000000069c4      0x774 ./Core/Src/stm32l4xx_it.o
 .debug_info    0x0000000000007138      0x171 ./Core/Src/sysmem.o
 .debug_info    0x00000000000072a9      0x5c6 ./Core/Src/system_stm32l4xx.o
 .debug_info    0x000000000000786f       0x22 ./Core/Startup/startup_stm32l475vgtx.o
 .debug_info    0x0000000000007891     0x1c77 ./Drivers/BSP/B-L475E-IOT01/stm32l475e_iot01.o
 .debug_info    0x0000000000009508      0x271 ./Drivers/BSP/B-L475E-IOT01/stm32l475e_iot01_tsensor.o
 .debug_info    0x0000000000009779      0x510 ./Drivers/BSP/Components/hts221/hts221.o
 .debug_info    0x0000000000009c89      0xb2f ./Drivers/STM32L4xx_HAL_Driver/Src/stm32l4xx_hal.o
 .debug_info    0x000000000000a7b8      0xe1b ./Drivers/STM32L4xx_HAL_Driver/Src/stm32l4xx_hal_cortex.o
 .debug_info    0x000000000000b5d3     0x1bb6 ./Drivers/STM32L4xx_HAL_Driver/Src/stm32l4xx_hal_dfsdm.o
 .debug_info    0x000000000000d189      0x821 ./Drivers/STM32L4xx_HAL_Driver/Src/stm32l4xx_hal_gpio.o
 .debug_info    0x000000000000d9aa     0x2232 ./Drivers/STM32L4xx_HAL_Driver/Src/stm32l4xx_hal_i2c.o
 .debug_info    0x000000000000fbdc      0xa45 ./Drivers/STM32L4xx_HAL_Driver/Src/stm32l4xx_hal_i2c_ex.o
 .debug_info    0x0000000000010621     0x1609 ./Drivers/STM32L4xx_HAL_Driver/Src/stm32l4xx_hal_pcd.o
 .debug_info    0x0000000000011c2a      0x8e6 ./Drivers/STM32L4xx_HAL_Driver/Src/stm32l4xx_hal_pcd_ex.o
 .debug_info    0x0000000000012510      0x950 ./Drivers/STM32L4xx_HAL_Driver/Src/stm32l4xx_hal_pwr.o
 .debug_info    0x0000000000012e60      0x9ca ./Drivers/STM32L4xx_HAL_Driver/Src/stm32l4xx_hal_pwr_ex.o
 .debug_info    0x000000000001382a     0x124f ./Drivers/STM32L4xx_HAL_Driver/Src/stm32l4xx_hal_qspi.o
 .debug_info    0x0000000000014a79      0xced ./Drivers/STM32L4xx_HAL_Driver/Src/stm32l4xx_hal_rcc.o
 .debug_info    0x0000000000015766      0xe92 ./Drivers/STM32L4xx_HAL_Driver/Src/stm32l4xx_hal_rcc_ex.o
 .debug_info    0x00000000000165f8     0x1782 ./Drivers/STM32L4xx_HAL_Driver/Src/stm32l4xx_hal_spi.o
 .debug_info    0x0000000000017d7a     0x2d04 ./Drivers/STM32L4xx_HAL_Driver/Src/stm32l4xx_hal_tim.o
 .debug_info    0x000000000001aa7e     0x17eb ./Drivers/STM32L4xx_HAL_Driver/Src/stm32l4xx_hal_tim_ex.o
 .debug_info    0x000000000001c269     0x3d0e ./Drivers/STM32L4xx_HAL_Driver/Src/stm32l4xx_hal_uart.o
 .debug_info    0x000000000001ff77     0x1ac6 ./Drivers/STM32L4xx_HAL_Driver/Src/stm32l4xx_ll_usb.o
 .debug_info    0x0000000000021a3d     0x2354 ./Middlewares/Third_Party/FreeRTOS/Source/CMSIS_RTOS/cmsis_os.o
 .debug_info    0x0000000000023d91      0x2d1 ./Middlewares/Third_Party/FreeRTOS/Source/list.o
 .debug_info    0x0000000000024062     0x25e2 ./Middlewares/Third_Party/FreeRTOS/Source/tasks.o
 .debug_info    0x0000000000026644      0x507 ./Middlewares/Third_Party/FreeRTOS/Source/portable/GCC/ARM_CM4F/port.o
 .debug_info    0x0000000000026b4b      0x50b ./Middlewares/Third_Party/FreeRTOS/Source/portable/MemMang/heap_4.o

.debug_abbrev   0x0000000000000000     0x495b
 .debug_abbrev  0x0000000000000000      0x169 ./Core/Src/freertos.o
 .debug_abbrev  0x0000000000000169      0x384 ./Core/Src/main.o
 .debug_abbrev  0x00000000000004ed      0x26a ./Core/Src/stm32l4xx_hal_msp.o
 .debug_abbrev  0x0000000000000757      0x1e6 ./Core/Src/stm32l4xx_hal_timebase_tim.o
 .debug_abbrev  0x000000000000093d      0x171 ./Core/Src/stm32l4xx_it.o
 .debug_abbrev  0x0000000000000aae       0xbb ./Core/Src/sysmem.o
 .debug_abbrev  0x0000000000000b69      0x116 ./Core/Src/system_stm32l4xx.o
 .debug_abbrev  0x0000000000000c7f       0x12 ./Core/Startup/startup_stm32l475vgtx.o
 .debug_abbrev  0x0000000000000c91      0x2d5 ./Drivers/BSP/B-L475E-IOT01/stm32l475e_iot01.o
 .debug_abbrev  0x0000000000000f66      0x11c ./Drivers/BSP/B-L475E-IOT01/stm32l475e_iot01_tsensor.o
 .debug_abbrev  0x0000000000001082      0x17a ./Drivers/BSP/Components/hts221/hts221.o
 .debug_abbrev  0x00000000000011fc      0x23a ./Drivers/STM32L4xx_HAL_Driver/Src/stm32l4xx_hal.o
 .debug_abbrev  0x0000000000001436      0x316 ./Drivers/STM32L4xx_HAL_Driver/Src/stm32l4xx_hal_cortex.o
 .debug_abbrev  0x000000000000174c      0x26d ./Drivers/STM32L4xx_HAL_Driver/Src/stm32l4xx_hal_dfsdm.o
 .debug_abbrev  0x00000000000019b9      0x1bb ./Drivers/STM32L4xx_HAL_Driver/Src/stm32l4xx_hal_gpio.o
 .debug_abbrev  0x0000000000001b74      0x243 ./Drivers/STM32L4xx_HAL_Driver/Src/stm32l4xx_hal_i2c.o
 .debug_abbrev  0x0000000000001db7      0x1b0 ./Drivers/STM32L4xx_HAL_Driver/Src/stm32l4xx_hal_i2c_ex.o
 .debug_abbrev  0x0000000000001f67      0x2b4 ./Drivers/STM32L4xx_HAL_Driver/Src/stm32l4xx_hal_pcd.o
 .debug_abbrev  0x000000000000221b      0x24a ./Drivers/STM32L4xx_HAL_Driver/Src/stm32l4xx_hal_pcd_ex.o
 .debug_abbrev  0x0000000000002465      0x1c9 ./Drivers/STM32L4xx_HAL_Driver/Src/stm32l4xx_hal_pwr.o
 .debug_abbrev  0x000000000000262e      0x1f3 ./Drivers/STM32L4xx_HAL_Driver/Src/stm32l4xx_hal_pwr_ex.o
 .debug_abbrev  0x0000000000002821      0x238 ./Drivers/STM32L4xx_HAL_Driver/Src/stm32l4xx_hal_qspi.o
 .debug_abbrev  0x0000000000002a59      0x2bd ./Drivers/STM32L4xx_HAL_Driver/Src/stm32l4xx_hal_rcc.o