../Core/Src/main.c:111:5:main	112	static
../Core/Src/main.c:211:6:SystemClock_Config	96	static
../Core/Src/main.c:272:13:MX_DFSDM1_Init	8	static
../Core/Src/main.c:310:13:MX_I2C2_Init	8	static
../Core/Src/main.c:358:13:MX_QUADSPI_Init	8	static
../Core/Src/main.c:391:13:MX_SPI3_Init	8	static
../Core/Src/main.c:431:13:MX_USART1_UART_Init	8	static
../Core/Src/main.c:466:13:MX_USART3_UART_Init	8	static
../Core/Src/main.c:501:13:MX_USB_OTG_FS_PCD_Init	8	static
../Core/Src/main.c:536:13:MX_GPIO_Init	48	static
../Core/Src/main.c:723:6:StartPressureTask	40	static
../Core/Src/main.c:764:6:StartTempTask	40	static
../Core/Src/main.c:800:6:StartButtonTask	16	static
../Core/Src/main.c:835:6:HAL_TIM_PeriodElapsedCallback	16	static
../Core/Src/main.c:852:6:Error_Handler	4	static,ignoring_inline_asm
