../Core/Src/stm32l4xx_it.c:73:6:NMI_Handler	4	static
../Core/Src/stm32l4xx_it.c:88:6:HardFault_Handler	4	static
../Core/Src/stm32l4xx_it.c:103:6:MemManage_Handler	4	static
../Core/Src/stm32l4xx_it.c:118:6:BusFault_Handler	4	static
../Core/Src/stm32l4xx_it.c:133:6:UsageFault_Handler	4	static
../Core/Src/stm32l4xx_it.c:148:6:DebugMon_Handler	4	static
../Core/Src/stm32l4xx_it.c:168:6:EXTI9_5_IRQHandler	8	static
../Core/Src/stm32l4xx_it.c:185:6:TIM1_UP_TIM16_IRQHandler	8	static
../Core/Src/stm32l4xx_it.c:199:6:EXTI15_10_IRQHandler	8	static
../Core/Src/stm32l4xx_it.c:215:6:HAL_GPIO_EXTI_Callback	16	static
