17:14:50 **** Incremental Build of configuration Debug for project BlinkyLED ****
make -j16 all 
arm-none-eabi-gcc "../Core/Src/main.c" -mcpu=cortex-m4 -std=gnu11 -g3 -DDEBUG -DUSE_HAL_DRIVER -DSTM32L475xx -c -I../Core/Inc -I../Drivers/STM32L4xx_HAL_Driver/Inc -I../Drivers/STM32L4xx_HAL_Driver/Inc/Legacy -I../Drivers/CMSIS/Device/ST/STM32L4xx/Include -I../Drivers/CMSIS/Include -O0 -ffunction-sections -fdata-sections -Wall -fstack-usage -MMD -MP -MF"Core/Src/main.d" -MT"Core/Src/main.o" --specs=nano.specs -mfpu=fpv4-sp-d16 -mfloat-abi=hard -mthumb -o "Core/Src/main.o"
arm-none-eabi-gcc -o "BlinkyLED.elf" @"objects.list"   -mcpu=cortex-m4 -T"C:\Users\Samuel Bernsen\STM32CubeIDE\workspace_1.11.2\BlinkyLED\STM32L475VGTX_FLASH.ld" --specs=nosys.specs -Wl,-Map="BlinkyLED.map" -Wl,--gc-sections -static --specs=nano.specs -mfpu=fpv4-sp-d16 -mfloat-abi=hard -mthumb -Wl,--start-group -lc -lm -Wl,--end-group
Finished building target: BlinkyLED.elf
 
arm-none-eabi-size   BlinkyLED.elf 
arm-none-eabi-objdump -h -S  BlinkyLED.elf  > "BlinkyLED.list"
   text	   data	    bss	    dec	    hex	filename
  18896	     20	   3476	  22392	   5778	BlinkyLED.elf
Finished building: default.size.stdout
 
Finished building: BlinkyLED.list
 

17:14:52 Build Finished. 0 errors, 0 warnings. (took 1s.542ms)

