16:40:58 **** Incremental Build of configuration Debug for project UART_demo ****
make -j16 all 
arm-none-eabi-gcc "../Core/Src/main.c" -mcpu=cortex-m4 -std=gnu11 -g3 -DDEBUG -DUSE_HAL_DRIVER -DSTM32L475xx -c -I../Core/Inc -I../Drivers/STM32L4xx_HAL_Driver/Inc -I../Drivers/STM32L4xx_HAL_Driver/Inc/Legacy -I../Drivers/CMSIS/Device/ST/STM32L4xx/Include -I../Drivers/CMSIS/Include -O0 -ffunction-sections -fdata-sections -Wall -fstack-usage -MMD -MP -MF"Core/Src/main.d" -MT"Core/Src/main.o" --specs=nano.specs -mfpu=fpv4-sp-d16 -mfloat-abi=hard -mthumb -o "Core/Src/main.o"
arm-none-eabi-gcc -o "UART_demo.elf" @"objects.list"   -mcpu=cortex-m4 -T"C:\Users\Samuel Bernsen\STM32CubeIDE\workspace_1.11.2\UART_demo\STM32L475VGTX_FLASH.ld" --specs=nosys.specs -Wl,-Map="UART_demo.map" -Wl,--gc-sections -static --specs=nano.specs -mfpu=fpv4-sp-d16 -mfloat-abi=hard -mthumb -Wl,--start-group -lc -lm -Wl,--end-group
Finished building target: UART_demo.elf
 
arm-none-eabi-size   UART_demo.elf 
arm-none-eabi-objdump -h -S  UART_demo.elf  > "UART_demo.list"
   text	   data	    bss	    dec	    hex	filename
  19184	     20	   3476	  22680	   5898	UART_demo.elf
Finished building: default.size.stdout
 
Finished building: UART_demo.list
 

16:40:59 Build Finished. 0 errors, 0 warnings. (took 1s.477ms)

