../Drivers/BSP/Components/MP34DT01/stm32l475e_iot01_audio.c:198:9:BSP_AUDIO_IN_Init	64	static
../Drivers/BSP/Components/MP34DT01/stm32l475e_iot01_audio.c:372:9:BSP_AUDIO_IN_DeInit	24	static
../Drivers/BSP/Components/MP34DT01/stm32l475e_iot01_audio.c:434:9:BSP_AUDIO_IN_Record	32	static
../Drivers/BSP/Components/MP34DT01/stm32l475e_iot01_audio.c:504:9:BSP_AUDIO_IN_Pause	24	static
../Drivers/BSP/Components/MP34DT01/stm32l475e_iot01_audio.c:548:9:BSP_AUDIO_IN_Resume	24	static
../Drivers/BSP/Components/MP34DT01/stm32l475e_iot01_audio.c:603:9:BSP_AUDIO_IN_Stop	24	static
../Drivers/BSP/Components/MP34DT01/stm32l475e_iot01_audio.c:653:9:BSP_AUDIO_IN_SetVolume	24	static
../Drivers/BSP/Components/MP34DT01/stm32l475e_iot01_audio.c:675:9:BSP_AUDIO_IN_GetVolume	24	static
../Drivers/BSP/Components/MP34DT01/stm32l475e_iot01_audio.c:698:9:BSP_AUDIO_IN_SetSampleRate	64	static
../Drivers/BSP/Components/MP34DT01/stm32l475e_iot01_audio.c:869:9:BSP_AUDIO_IN_GetSampleRate	24	static
../Drivers/BSP/Components/MP34DT01/stm32l475e_iot01_audio.c:896:9:BSP_AUDIO_IN_SetDevice	64	static
../Drivers/BSP/Components/MP34DT01/stm32l475e_iot01_audio.c:1057:9:BSP_AUDIO_IN_GetDevice	24	static
../Drivers/BSP/Components/MP34DT01/stm32l475e_iot01_audio.c:1084:9:BSP_AUDIO_IN_SetBitsPerSample	24	static
../Drivers/BSP/Components/MP34DT01/stm32l475e_iot01_audio.c:1114:9:BSP_AUDIO_IN_GetBitsPerSample	24	static
../Drivers/BSP/Components/MP34DT01/stm32l475e_iot01_audio.c:1141:9:BSP_AUDIO_IN_SetChannelsNbr	24	static
../Drivers/BSP/Components/MP34DT01/stm32l475e_iot01_audio.c:1173:9:BSP_AUDIO_IN_GetChannelsNbr	24	static
../Drivers/BSP/Components/MP34DT01/stm32l475e_iot01_audio.c:1200:9:BSP_AUDIO_IN_GetState	24	static
../Drivers/BSP/Components/MP34DT01/stm32l475e_iot01_audio.c:1366:13:BSP_AUDIO_IN_TransferComplete_CallBack	16	static
../Drivers/BSP/Components/MP34DT01/stm32l475e_iot01_audio.c:1377:13:BSP_AUDIO_IN_HalfTransfer_CallBack	16	static
../Drivers/BSP/Components/MP34DT01/stm32l475e_iot01_audio.c:1388:13:BSP_AUDIO_IN_Error_CallBack	16	static
../Drivers/BSP/Components/MP34DT01/stm32l475e_iot01_audio.c:1400:6:BSP_AUDIO_IN_IRQHandler	16	static
../Drivers/BSP/Components/MP34DT01/stm32l475e_iot01_audio.c:1423:26:MX_DFSDM1_ClockConfig	160	static
../Drivers/BSP/Components/MP34DT01/stm32l475e_iot01_audio.c:1475:26:MX_DFSDM1_Init	32	static
../Drivers/BSP/Components/MP34DT01/stm32l475e_iot01_audio.c:1543:16:DFSDM_DeInit	24	static
../Drivers/BSP/Components/MP34DT01/stm32l475e_iot01_audio.c:1569:13:DFSDM_ChannelMspInit	48	static
../Drivers/BSP/Components/MP34DT01/stm32l475e_iot01_audio.c:1600:13:DFSDM_ChannelMspDeInit	16	static
../Drivers/BSP/Components/MP34DT01/stm32l475e_iot01_audio.c:1619:13:DFSDM_FilterMspInit	24	static
../Drivers/BSP/Components/MP34DT01/stm32l475e_iot01_audio.c:1701:13:DFSDM_FilterMspDeInit	16	static
../Drivers/BSP/Components/MP34DT01/stm32l475e_iot01_audio.c:1883:6:HAL_DFSDM_FilterRegConvCpltCallback	32	static
../Drivers/BSP/Components/MP34DT01/stm32l475e_iot01_audio.c:1952:6:HAL_DFSDM_FilterRegConvHalfCpltCallback	32	static
../Drivers/BSP/Components/MP34DT01/stm32l475e_iot01_audio.c:2021:6:HAL_DFSDM_FilterErrorCallback	16	static
